<?xml version="1.0" encoding="ISO-8859-1" ?>
<link_info>
   <banner>TI ARM Linker PC v18.1.2.LTS</banner>
   <copyright>Copyright (c) 1996-2017 Texas Instruments Incorporated</copyright>
   <link_time>0x5cb8006c</link_time>
   <link_errors>0x0</link_errors>
   <output_file>project.out</output_file>
   <entry_point>
      <name>_c_int00_noargs</name>
      <address>0x5d9d</address>
   </entry_point>
   <input_file_list>
      <input_file id="fl-2">
         <path>.\</path>
         <kind>object</kind>
         <file>adc.obj</file>
         <name>adc.obj</name>
      </input_file>
      <input_file id="fl-3">
         <path>.\</path>
         <kind>object</kind>
         <file>button.obj</file>
         <name>button.obj</name>
      </input_file>
      <input_file id="fl-4">
         <path>.\</path>
         <kind>object</kind>
         <file>lcd.obj</file>
         <name>lcd.obj</name>
      </input_file>
      <input_file id="fl-5">
         <path>.\</path>
         <kind>object</kind>
         <file>main.obj</file>
         <name>main.obj</name>
      </input_file>
      <input_file id="fl-6">
         <path>.\</path>
         <kind>object</kind>
         <file>movement.obj</file>
         <name>movement.obj</name>
      </input_file>
      <input_file id="fl-7">
         <path>.\</path>
         <kind>object</kind>
         <file>open_interface.obj</file>
         <name>open_interface.obj</name>
      </input_file>
      <input_file id="fl-8">
         <path>.\</path>
         <kind>object</kind>
         <file>ping.obj</file>
         <name>ping.obj</name>
      </input_file>
      <input_file id="fl-9">
         <path>.\</path>
         <kind>object</kind>
         <file>servo.obj</file>
         <name>servo.obj</name>
      </input_file>
      <input_file id="fl-a">
         <path>.\</path>
         <kind>object</kind>
         <file>sweep.obj</file>
         <name>sweep.obj</name>
      </input_file>
      <input_file id="fl-b">
         <path>.\</path>
         <kind>object</kind>
         <file>timer.obj</file>
         <name>timer.obj</name>
      </input_file>
      <input_file id="fl-c">
         <path>.\</path>
         <kind>object</kind>
         <file>tm4c123gh6pm_startup_ccs.obj</file>
         <name>tm4c123gh6pm_startup_ccs.obj</name>
      </input_file>
      <input_file id="fl-d">
         <path>.\</path>
         <kind>object</kind>
         <file>uart.obj</file>
         <name>uart.obj</name>
      </input_file>
      <input_file id="fl-12">
         <kind>object</kind>
         <file>&lt;internal&gt;</file>
         <name>&lt;internal&gt;</name>
      </input_file>
      <input_file id="fl-c8">
         <path>C:\ti\ccsv8\tools\compiler\ti-cgt-arm_18.1.2.LTS\lib\</path>
         <kind>archive</kind>
         <file>rtsv7M4_T_le_v4SPD16_eabi.lib</file>
         <name>e_pow.c.obj</name>
      </input_file>
      <input_file id="fl-c9">
         <path>C:\ti\ccsv8\tools\compiler\ti-cgt-arm_18.1.2.LTS\lib\</path>
         <kind>archive</kind>
         <file>rtsv7M4_T_le_v4SPD16_eabi.lib</file>
         <name>e_sqrt.c.obj</name>
      </input_file>
      <input_file id="fl-ca">
         <path>C:\ti\ccsv8\tools\compiler\ti-cgt-arm_18.1.2.LTS\lib\</path>
         <kind>archive</kind>
         <file>rtsv7M4_T_le_v4SPD16_eabi.lib</file>
         <name>s_cos.c.obj</name>
      </input_file>
      <input_file id="fl-cb">
         <path>C:\ti\ccsv8\tools\compiler\ti-cgt-arm_18.1.2.LTS\lib\</path>
         <kind>archive</kind>
         <file>rtsv7M4_T_le_v4SPD16_eabi.lib</file>
         <name>s_scalbn.c.obj</name>
      </input_file>
      <input_file id="fl-cc">
         <path>C:\ti\ccsv8\tools\compiler\ti-cgt-arm_18.1.2.LTS\lib\</path>
         <kind>archive</kind>
         <file>rtsv7M4_T_le_v4SPD16_eabi.lib</file>
         <name>s_copysign.c.obj</name>
      </input_file>
      <input_file id="fl-cd">
         <path>C:\ti\ccsv8\tools\compiler\ti-cgt-arm_18.1.2.LTS\lib\</path>
         <kind>archive</kind>
         <file>rtsv7M4_T_le_v4SPD16_eabi.lib</file>
         <name>vla_alloc.c.obj</name>
      </input_file>
      <input_file id="fl-ce">
         <path>C:\ti\ccsv8\tools\compiler\ti-cgt-arm_18.1.2.LTS\lib\</path>
         <kind>archive</kind>
         <file>rtsv7M4_T_le_v4SPD16_eabi.lib</file>
         <name>fd_add_t2.asm.obj</name>
      </input_file>
      <input_file id="fl-cf">
         <path>C:\ti\ccsv8\tools\compiler\ti-cgt-arm_18.1.2.LTS\lib\</path>
         <kind>archive</kind>
         <file>rtsv7M4_T_le_v4SPD16_eabi.lib</file>
         <name>fd_cmp_t2.asm.obj</name>
      </input_file>
      <input_file id="fl-d0">
         <path>C:\ti\ccsv8\tools\compiler\ti-cgt-arm_18.1.2.LTS\lib\</path>
         <kind>archive</kind>
         <file>rtsv7M4_T_le_v4SPD16_eabi.lib</file>
         <name>fd_div_t2.asm.obj</name>
      </input_file>
      <input_file id="fl-d1">
         <path>C:\ti\ccsv8\tools\compiler\ti-cgt-arm_18.1.2.LTS\lib\</path>
         <kind>archive</kind>
         <file>rtsv7M4_T_le_v4SPD16_eabi.lib</file>
         <name>fd_mul_t2.asm.obj</name>
      </input_file>
      <input_file id="fl-d2">
         <path>C:\ti\ccsv8\tools\compiler\ti-cgt-arm_18.1.2.LTS\lib\</path>
         <kind>archive</kind>
         <file>rtsv7M4_T_le_v4SPD16_eabi.lib</file>
         <name>fd_toi_t2.asm.obj</name>
      </input_file>
      <input_file id="fl-d3">
         <path>C:\ti\ccsv8\tools\compiler\ti-cgt-arm_18.1.2.LTS\lib\</path>
         <kind>archive</kind>
         <file>rtsv7M4_T_le_v4SPD16_eabi.lib</file>
         <name>fd_tos_t2.asm.obj</name>
      </input_file>
      <input_file id="fl-d4">
         <path>C:\ti\ccsv8\tools\compiler\ti-cgt-arm_18.1.2.LTS\lib\</path>
         <kind>archive</kind>
         <file>rtsv7M4_T_le_v4SPD16_eabi.lib</file>
         <name>fs_tod_t2.asm.obj</name>
      </input_file>
      <input_file id="fl-d5">
         <path>C:\ti\ccsv8\tools\compiler\ti-cgt-arm_18.1.2.LTS\lib\</path>
         <kind>archive</kind>
         <file>rtsv7M4_T_le_v4SPD16_eabi.lib</file>
         <name>i_tofd_t2.asm.obj</name>
      </input_file>
      <input_file id="fl-d6">
         <path>C:\ti\ccsv8\tools\compiler\ti-cgt-arm_18.1.2.LTS\lib\</path>
         <kind>archive</kind>
         <file>rtsv7M4_T_le_v4SPD16_eabi.lib</file>
         <name>memcpy_t2.asm.obj</name>
      </input_file>
      <input_file id="fl-d7">
         <path>C:\ti\ccsv8\tools\compiler\ti-cgt-arm_18.1.2.LTS\lib\</path>
         <kind>archive</kind>
         <file>rtsv7M4_T_le_v4SPD16_eabi.lib</file>
         <name>u_tofd_t2.asm.obj</name>
      </input_file>
      <input_file id="fl-d8">
         <path>C:\ti\ccsv8\tools\compiler\ti-cgt-arm_18.1.2.LTS\lib\</path>
         <kind>archive</kind>
         <file>rtsv7M4_T_le_v4SPD16_eabi.lib</file>
         <name>copy_zero_init.c.obj</name>
      </input_file>
      <input_file id="fl-d9">
         <path>C:\ti\ccsv8\tools\compiler\ti-cgt-arm_18.1.2.LTS\lib\</path>
         <kind>archive</kind>
         <file>rtsv7M4_T_le_v4SPD16_eabi.lib</file>
         <name>copy_decompress_none.c.obj</name>
      </input_file>
      <input_file id="fl-da">
         <path>C:\ti\ccsv8\tools\compiler\ti-cgt-arm_18.1.2.LTS\lib\</path>
         <kind>archive</kind>
         <file>rtsv7M4_T_le_v4SPD16_eabi.lib</file>
         <name>copy_decompress_lzss.c.obj</name>
      </input_file>
      <input_file id="fl-db">
         <path>C:\ti\ccsv8\tools\compiler\ti-cgt-arm_18.1.2.LTS\lib\</path>
         <kind>archive</kind>
         <file>rtsv7M4_T_le_v4SPD16_eabi.lib</file>
         <name>boot_cortex_m.c.obj</name>
      </input_file>
      <input_file id="fl-dc">
         <path>C:\ti\ccsv8\tools\compiler\ti-cgt-arm_18.1.2.LTS\lib\</path>
         <kind>archive</kind>
         <file>rtsv7M4_T_le_v4SPD16_eabi.lib</file>
         <name>errno.c.obj</name>
      </input_file>
      <input_file id="fl-dd">
         <path>C:\ti\ccsv8\tools\compiler\ti-cgt-arm_18.1.2.LTS\lib\</path>
         <kind>archive</kind>
         <file>rtsv7M4_T_le_v4SPD16_eabi.lib</file>
         <name>exit.c.obj</name>
      </input_file>
      <input_file id="fl-de">
         <path>C:\ti\ccsv8\tools\compiler\ti-cgt-arm_18.1.2.LTS\lib\</path>
         <kind>archive</kind>
         <file>rtsv7M4_T_le_v4SPD16_eabi.lib</file>
         <name>memory.c.obj</name>
      </input_file>
      <input_file id="fl-df">
         <path>C:\ti\ccsv8\tools\compiler\ti-cgt-arm_18.1.2.LTS\lib\</path>
         <kind>archive</kind>
         <file>rtsv7M4_T_le_v4SPD16_eabi.lib</file>
         <name>_lock.c.obj</name>
      </input_file>
      <input_file id="fl-e0">
         <path>C:\ti\ccsv8\tools\compiler\ti-cgt-arm_18.1.2.LTS\lib\</path>
         <kind>archive</kind>
         <file>rtsv7M4_T_le_v4SPD16_eabi.lib</file>
         <name>args_main.c.obj</name>
      </input_file>
      <input_file id="fl-e1">
         <path>C:\ti\ccsv8\tools\compiler\ti-cgt-arm_18.1.2.LTS\lib\</path>
         <kind>archive</kind>
         <file>rtsv7M4_T_le_v4SPD16_eabi.lib</file>
         <name>printf.c.obj</name>
      </input_file>
      <input_file id="fl-e2">
         <path>C:\ti\ccsv8\tools\compiler\ti-cgt-arm_18.1.2.LTS\lib\</path>
         <kind>archive</kind>
         <file>rtsv7M4_T_le_v4SPD16_eabi.lib</file>
         <name>sprintf.c.obj</name>
      </input_file>
      <input_file id="fl-e3">
         <path>C:\ti\ccsv8\tools\compiler\ti-cgt-arm_18.1.2.LTS\lib\</path>
         <kind>archive</kind>
         <file>rtsv7M4_T_le_v4SPD16_eabi.lib</file>
         <name>strcmp.c.obj</name>
      </input_file>
      <input_file id="fl-e4">
         <path>C:\ti\ccsv8\tools\compiler\ti-cgt-arm_18.1.2.LTS\lib\</path>
         <kind>archive</kind>
         <file>rtsv7M4_T_le_v4SPD16_eabi.lib</file>
         <name>strcpy.c.obj</name>
      </input_file>
      <input_file id="fl-e5">
         <path>C:\ti\ccsv8\tools\compiler\ti-cgt-arm_18.1.2.LTS\lib\</path>
         <kind>archive</kind>
         <file>rtsv7M4_T_le_v4SPD16_eabi.lib</file>
         <name>strlen.c.obj</name>
      </input_file>
      <input_file id="fl-e6">
         <path>C:\ti\ccsv8\tools\compiler\ti-cgt-arm_18.1.2.LTS\lib\</path>
         <kind>archive</kind>
         <file>rtsv7M4_T_le_v4SPD16_eabi.lib</file>
         <name>vsnprintf.c.obj</name>
      </input_file>
      <input_file id="fl-e7">
         <path>C:\ti\ccsv8\tools\compiler\ti-cgt-arm_18.1.2.LTS\lib\</path>
         <kind>archive</kind>
         <file>rtsv7M4_T_le_v4SPD16_eabi.lib</file>
         <name>k_rem_pio2.c.obj</name>
      </input_file>
      <input_file id="fl-e8">
         <path>C:\ti\ccsv8\tools\compiler\ti-cgt-arm_18.1.2.LTS\lib\</path>
         <kind>archive</kind>
         <file>rtsv7M4_T_le_v4SPD16_eabi.lib</file>
         <name>k_cos.c.obj</name>
      </input_file>
      <input_file id="fl-e9">
         <path>C:\ti\ccsv8\tools\compiler\ti-cgt-arm_18.1.2.LTS\lib\</path>
         <kind>archive</kind>
         <file>rtsv7M4_T_le_v4SPD16_eabi.lib</file>
         <name>k_sin.c.obj</name>
      </input_file>
      <input_file id="fl-ea">
         <path>C:\ti\ccsv8\tools\compiler\ti-cgt-arm_18.1.2.LTS\lib\</path>
         <kind>archive</kind>
         <file>rtsv7M4_T_le_v4SPD16_eabi.lib</file>
         <name>s_floor.c.obj</name>
      </input_file>
      <input_file id="fl-eb">
         <path>C:\ti\ccsv8\tools\compiler\ti-cgt-arm_18.1.2.LTS\lib\</path>
         <kind>archive</kind>
         <file>rtsv7M4_T_le_v4SPD16_eabi.lib</file>
         <name>error.c.obj</name>
      </input_file>
      <input_file id="fl-ec">
         <path>C:\ti\ccsv8\tools\compiler\ti-cgt-arm_18.1.2.LTS\lib\</path>
         <kind>archive</kind>
         <file>rtsv7M4_T_le_v4SPD16_eabi.lib</file>
         <name>memset_t2.asm.obj</name>
      </input_file>
      <input_file id="fl-ed">
         <path>C:\ti\ccsv8\tools\compiler\ti-cgt-arm_18.1.2.LTS\lib\</path>
         <kind>archive</kind>
         <file>rtsv7M4_T_le_v4SPD16_eabi.lib</file>
         <name>autoinit.c.obj</name>
      </input_file>
      <input_file id="fl-ee">
         <path>C:\ti\ccsv8\tools\compiler\ti-cgt-arm_18.1.2.LTS\lib\</path>
         <kind>archive</kind>
         <file>rtsv7M4_T_le_v4SPD16_eabi.lib</file>
         <name>pre_init.c.obj</name>
      </input_file>
      <input_file id="fl-ef">
         <path>C:\ti\ccsv8\tools\compiler\ti-cgt-arm_18.1.2.LTS\lib\</path>
         <kind>archive</kind>
         <file>rtsv7M4_T_le_v4SPD16_eabi.lib</file>
         <name>cpy_tbl.c.obj</name>
      </input_file>
      <input_file id="fl-f0">
         <path>C:\ti\ccsv8\tools\compiler\ti-cgt-arm_18.1.2.LTS\lib\</path>
         <kind>archive</kind>
         <file>rtsv7M4_T_le_v4SPD16_eabi.lib</file>
         <name>_printfi.c.obj</name>
      </input_file>
      <input_file id="fl-f1">
         <path>C:\ti\ccsv8\tools\compiler\ti-cgt-arm_18.1.2.LTS\lib\</path>
         <kind>archive</kind>
         <file>rtsv7M4_T_le_v4SPD16_eabi.lib</file>
         <name>atoi.c.obj</name>
      </input_file>
      <input_file id="fl-f2">
         <path>C:\ti\ccsv8\tools\compiler\ti-cgt-arm_18.1.2.LTS\lib\</path>
         <kind>archive</kind>
         <file>rtsv7M4_T_le_v4SPD16_eabi.lib</file>
         <name>ctype.c.obj</name>
      </input_file>
      <input_file id="fl-f3">
         <path>C:\ti\ccsv8\tools\compiler\ti-cgt-arm_18.1.2.LTS\lib\</path>
         <kind>archive</kind>
         <file>rtsv7M4_T_le_v4SPD16_eabi.lib</file>
         <name>defs.c.obj</name>
      </input_file>
      <input_file id="fl-f4">
         <path>C:\ti\ccsv8\tools\compiler\ti-cgt-arm_18.1.2.LTS\lib\</path>
         <kind>archive</kind>
         <file>rtsv7M4_T_le_v4SPD16_eabi.lib</file>
         <name>fputc.c.obj</name>
      </input_file>
      <input_file id="fl-f5">
         <path>C:\ti\ccsv8\tools\compiler\ti-cgt-arm_18.1.2.LTS\lib\</path>
         <kind>archive</kind>
         <file>rtsv7M4_T_le_v4SPD16_eabi.lib</file>
         <name>fputs.c.obj</name>
      </input_file>
      <input_file id="fl-f6">
         <path>C:\ti\ccsv8\tools\compiler\ti-cgt-arm_18.1.2.LTS\lib\</path>
         <kind>archive</kind>
         <file>rtsv7M4_T_le_v4SPD16_eabi.lib</file>
         <name>ltoa.c.obj</name>
      </input_file>
      <input_file id="fl-f7">
         <path>C:\ti\ccsv8\tools\compiler\ti-cgt-arm_18.1.2.LTS\lib\</path>
         <kind>archive</kind>
         <file>rtsv7M4_T_le_v4SPD16_eabi.lib</file>
         <name>memccpy.c.obj</name>
      </input_file>
      <input_file id="fl-f8">
         <path>C:\ti\ccsv8\tools\compiler\ti-cgt-arm_18.1.2.LTS\lib\</path>
         <kind>archive</kind>
         <file>rtsv7M4_T_le_v4SPD16_eabi.lib</file>
         <name>memchr.c.obj</name>
      </input_file>
      <input_file id="fl-f9">
         <path>C:\ti\ccsv8\tools\compiler\ti-cgt-arm_18.1.2.LTS\lib\</path>
         <kind>archive</kind>
         <file>rtsv7M4_T_le_v4SPD16_eabi.lib</file>
         <name>strchr.c.obj</name>
      </input_file>
      <input_file id="fl-fa">
         <path>C:\ti\ccsv8\tools\compiler\ti-cgt-arm_18.1.2.LTS\lib\</path>
         <kind>archive</kind>
         <file>rtsv7M4_T_le_v4SPD16_eabi.lib</file>
         <name>write.c.obj</name>
      </input_file>
      <input_file id="fl-fb">
         <path>C:\ti\ccsv8\tools\compiler\ti-cgt-arm_18.1.2.LTS\lib\</path>
         <kind>archive</kind>
         <file>rtsv7M4_T_le_v4SPD16_eabi.lib</file>
         <name>s_frexp.c.obj</name>
      </input_file>
      <input_file id="fl-fc">
         <path>C:\ti\ccsv8\tools\compiler\ti-cgt-arm_18.1.2.LTS\lib\</path>
         <kind>archive</kind>
         <file>rtsv7M4_T_le_v4SPD16_eabi.lib</file>
         <name>wcslen.c.obj</name>
      </input_file>
      <input_file id="fl-fd">
         <path>C:\ti\ccsv8\tools\compiler\ti-cgt-arm_18.1.2.LTS\lib\</path>
         <kind>archive</kind>
         <file>rtsv7M4_T_le_v4SPD16_eabi.lib</file>
         <name>ull_div_t2.asm.obj</name>
      </input_file>
      <input_file id="fl-fe">
         <path>C:\ti\ccsv8\tools\compiler\ti-cgt-arm_18.1.2.LTS\lib\</path>
         <kind>archive</kind>
         <file>rtsv7M4_T_le_v4SPD16_eabi.lib</file>
         <name>_io_perm.c.obj</name>
      </input_file>
      <input_file id="fl-ff">
         <path>C:\ti\ccsv8\tools\compiler\ti-cgt-arm_18.1.2.LTS\lib\</path>
         <kind>archive</kind>
         <file>rtsv7M4_T_le_v4SPD16_eabi.lib</file>
         <name>fflush.c.obj</name>
      </input_file>
      <input_file id="fl-100">
         <path>C:\ti\ccsv8\tools\compiler\ti-cgt-arm_18.1.2.LTS\lib\</path>
         <kind>archive</kind>
         <file>rtsv7M4_T_le_v4SPD16_eabi.lib</file>
         <name>fseek.c.obj</name>
      </input_file>
      <input_file id="fl-101">
         <path>C:\ti\ccsv8\tools\compiler\ti-cgt-arm_18.1.2.LTS\lib\</path>
         <kind>archive</kind>
         <file>rtsv7M4_T_le_v4SPD16_eabi.lib</file>
         <name>lseek.c.obj</name>
      </input_file>
      <input_file id="fl-102">
         <path>C:\ti\ccsv8\tools\compiler\ti-cgt-arm_18.1.2.LTS\lib\</path>
         <kind>archive</kind>
         <file>rtsv7M4_T_le_v4SPD16_eabi.lib</file>
         <name>setvbuf.c.obj</name>
      </input_file>
      <input_file id="fl-103">
         <path>C:\ti\ccsv8\tools\compiler\ti-cgt-arm_18.1.2.LTS\lib\</path>
         <kind>archive</kind>
         <file>rtsv7M4_T_le_v4SPD16_eabi.lib</file>
         <name>hostclose.c.obj</name>
      </input_file>
      <input_file id="fl-104">
         <path>C:\ti\ccsv8\tools\compiler\ti-cgt-arm_18.1.2.LTS\lib\</path>
         <kind>archive</kind>
         <file>rtsv7M4_T_le_v4SPD16_eabi.lib</file>
         <name>hostlseek.c.obj</name>
      </input_file>
      <input_file id="fl-105">
         <path>C:\ti\ccsv8\tools\compiler\ti-cgt-arm_18.1.2.LTS\lib\</path>
         <kind>archive</kind>
         <file>rtsv7M4_T_le_v4SPD16_eabi.lib</file>
         <name>hostopen.c.obj</name>
      </input_file>
      <input_file id="fl-106">
         <path>C:\ti\ccsv8\tools\compiler\ti-cgt-arm_18.1.2.LTS\lib\</path>
         <kind>archive</kind>
         <file>rtsv7M4_T_le_v4SPD16_eabi.lib</file>
         <name>hostread.c.obj</name>
      </input_file>
      <input_file id="fl-107">
         <path>C:\ti\ccsv8\tools\compiler\ti-cgt-arm_18.1.2.LTS\lib\</path>
         <kind>archive</kind>
         <file>rtsv7M4_T_le_v4SPD16_eabi.lib</file>
         <name>hostrename.c.obj</name>
      </input_file>
      <input_file id="fl-108">
         <path>C:\ti\ccsv8\tools\compiler\ti-cgt-arm_18.1.2.LTS\lib\</path>
         <kind>archive</kind>
         <file>rtsv7M4_T_le_v4SPD16_eabi.lib</file>
         <name>hostunlink.c.obj</name>
      </input_file>
      <input_file id="fl-109">
         <path>C:\ti\ccsv8\tools\compiler\ti-cgt-arm_18.1.2.LTS\lib\</path>
         <kind>archive</kind>
         <file>rtsv7M4_T_le_v4SPD16_eabi.lib</file>
         <name>hostwrite.c.obj</name>
      </input_file>
      <input_file id="fl-10a">
         <path>C:\ti\ccsv8\tools\compiler\ti-cgt-arm_18.1.2.LTS\lib\</path>
         <kind>archive</kind>
         <file>rtsv7M4_T_le_v4SPD16_eabi.lib</file>
         <name>trgmsg.c.obj</name>
      </input_file>
      <input_file id="fl-10b">
         <path>C:\ti\ccsv8\tools\compiler\ti-cgt-arm_18.1.2.LTS\lib\</path>
         <kind>archive</kind>
         <file>rtsv7M4_T_le_v4SPD16_eabi.lib</file>
         <name>div0.asm.obj</name>
      </input_file>
      <input_file id="fl-10c">
         <path>C:\ti\ccsv8\tools\compiler\ti-cgt-arm_18.1.2.LTS\lib\</path>
         <kind>archive</kind>
         <file>rtsv7M4_T_le_v4SPD16_eabi.lib</file>
         <name>fopen.c.obj</name>
      </input_file>
      <input_file id="fl-10d">
         <path>C:\ti\ccsv8\tools\compiler\ti-cgt-arm_18.1.2.LTS\lib\</path>
         <kind>archive</kind>
         <file>rtsv7M4_T_le_v4SPD16_eabi.lib</file>
         <name>open.c.obj</name>
      </input_file>
      <input_file id="fl-10e">
         <path>C:\ti\ccsv8\tools\compiler\ti-cgt-arm_18.1.2.LTS\lib\</path>
         <kind>archive</kind>
         <file>rtsv7M4_T_le_v4SPD16_eabi.lib</file>
         <name>fclose.c.obj</name>
      </input_file>
      <input_file id="fl-10f">
         <path>C:\ti\ccsv8\tools\compiler\ti-cgt-arm_18.1.2.LTS\lib\</path>
         <kind>archive</kind>
         <file>rtsv7M4_T_le_v4SPD16_eabi.lib</file>
         <name>getdevice.c.obj</name>
      </input_file>
      <input_file id="fl-110">
         <path>C:\ti\ccsv8\tools\compiler\ti-cgt-arm_18.1.2.LTS\lib\</path>
         <kind>archive</kind>
         <file>rtsv7M4_T_le_v4SPD16_eabi.lib</file>
         <name>remove.c.obj</name>
      </input_file>
      <input_file id="fl-111">
         <path>C:\ti\ccsv8\tools\compiler\ti-cgt-arm_18.1.2.LTS\lib\</path>
         <kind>archive</kind>
         <file>rtsv7M4_T_le_v4SPD16_eabi.lib</file>
         <name>strncpy.c.obj</name>
      </input_file>
      <input_file id="fl-112">
         <path>C:\ti\ccsv8\tools\compiler\ti-cgt-arm_18.1.2.LTS\lib\</path>
         <kind>archive</kind>
         <file>rtsv7M4_T_le_v4SPD16_eabi.lib</file>
         <name>unlink.c.obj</name>
      </input_file>
      <input_file id="fl-113">
         <path>C:\ti\ccsv8\tools\compiler\ti-cgt-arm_18.1.2.LTS\lib\</path>
         <kind>archive</kind>
         <file>rtsv7M4_T_le_v4SPD16_eabi.lib</file>
         <name>close.c.obj</name>
      </input_file>
      <input_file id="fl-114">
         <path>C:\ti\TivaWare_C_Series-2.1.4.178\driverlib\ccs\Debug\</path>
         <kind>archive</kind>
         <file>driverlib.lib</file>
         <name>interrupt.obj</name>
      </input_file>
      <input_file id="fl-115">
         <path>C:\ti\TivaWare_C_Series-2.1.4.178\driverlib\ccs\Debug\</path>
         <kind>archive</kind>
         <file>driverlib.lib</file>
         <name>cpu.obj</name>
      </input_file>
   </input_file_list>
   <object_component_list>
      <object_component id="oc-f">
         <name>.intvecs</name>
         <load_address>0x0</load_address>
         <run_address>0x0</run_address>
         <size>0x26c</size>
         <input_file_ref idref="fl-c"/>
      </object_component>
      <object_component id="oc-214">
         <name>.text:__TI_printfi</name>
         <load_address>0x26c</load_address>
         <run_address>0x26c</run_address>
         <size>0xa5e</size>
         <input_file_ref idref="fl-f0"/>
      </object_component>
      <object_component id="oc-2ec">
         <name>.text:_nop</name>
         <load_address>0xcca</load_address>
         <run_address>0xcca</run_address>
         <size>0x2</size>
         <input_file_ref idref="fl-df"/>
      </object_component>
      <object_component id="oc-1c5">
         <name>.text:pow</name>
         <load_address>0xccc</load_address>
         <run_address>0xccc</run_address>
         <size>0x9c0</size>
         <input_file_ref idref="fl-c8"/>
      </object_component>
      <object_component id="oc-2bb">
         <name>.text:__kernel_rem_pio2</name>
         <load_address>0x168c</load_address>
         <run_address>0x168c</run_address>
         <size>0x738</size>
         <input_file_ref idref="fl-e7"/>
      </object_component>
      <object_component id="oc-1d5">
         <name>.text:cos</name>
         <load_address>0x1dc4</load_address>
         <run_address>0x1dc4</run_address>
         <size>0x5dc</size>
         <input_file_ref idref="fl-ca"/>
      </object_component>
      <object_component id="oc-f1">
         <name>.text</name>
         <load_address>0x23a0</load_address>
         <run_address>0x23a0</run_address>
         <size>0x4b0</size>
         <input_file_ref idref="fl-a"/>
      </object_component>
      <object_component id="oc-d3">
         <name>.text</name>
         <load_address>0x2850</load_address>
         <run_address>0x2850</run_address>
         <size>0x3c8</size>
         <input_file_ref idref="fl-4"/>
      </object_component>
      <object_component id="oc-e5">
         <name>.text</name>
         <load_address>0x2c18</load_address>
         <run_address>0x2c18</run_address>
         <size>0x360</size>
         <input_file_ref idref="fl-9"/>
      </object_component>
      <object_component id="oc-eb">
         <name>.text</name>
         <load_address>0x2f78</load_address>
         <run_address>0x2f78</run_address>
         <size>0x348</size>
         <input_file_ref idref="fl-d"/>
      </object_component>
      <object_component id="oc-329">
         <name>.text:_pconv_a</name>
         <load_address>0x32c0</load_address>
         <run_address>0x32c0</run_address>
         <size>0x270</size>
         <input_file_ref idref="fl-f0"/>
      </object_component>
      <object_component id="oc-d9">
         <name>.text</name>
         <load_address>0x3530</load_address>
         <run_address>0x3530</run_address>
         <size>0x25c</size>
         <input_file_ref idref="fl-8"/>
      </object_component>
      <object_component id="oc-317">
         <name>.text:_pconv_g</name>
         <load_address>0x378c</load_address>
         <run_address>0x378c</run_address>
         <size>0x1d0</size>
         <input_file_ref idref="fl-f0"/>
      </object_component>
      <object_component id="oc-1a7">
         <name>.text</name>
         <load_address>0x395c</load_address>
         <run_address>0x395c</run_address>
         <size>0x1b6</size>
         <input_file_ref idref="fl-ce"/>
      </object_component>
      <object_component id="oc-472">
         <name>.text</name>
         <load_address>0x3b12</load_address>
         <run_address>0x3b12</run_address>
         <size>0x2</size>
         <input_file_ref idref="fl-10b"/>
      </object_component>
      <object_component id="oc-2c1">
         <name>.text:__kernel_sin</name>
         <load_address>0x3b14</load_address>
         <run_address>0x3b14</run_address>
         <size>0x174</size>
         <input_file_ref idref="fl-e9"/>
      </object_component>
      <object_component id="oc-2b5">
         <name>.text:__kernel_cos</name>
         <load_address>0x3c88</load_address>
         <run_address>0x3c88</run_address>
         <size>0x16c</size>
         <input_file_ref idref="fl-e8"/>
      </object_component>
      <object_component id="oc-1db">
         <name>.text:sqrt</name>
         <load_address>0x3df4</load_address>
         <run_address>0x3df4</run_address>
         <size>0x158</size>
         <input_file_ref idref="fl-c9"/>
      </object_component>
      <object_component id="oc-138">
         <name>.text</name>
         <load_address>0x3f4c</load_address>
         <run_address>0x3f4c</run_address>
         <size>0x158</size>
         <input_file_ref idref="fl-b"/>
      </object_component>
      <object_component id="oc-df">
         <name>.text</name>
         <load_address>0x40a4</load_address>
         <run_address>0x40a4</run_address>
         <size>0x144</size>
         <input_file_ref idref="fl-2"/>
      </object_component>
      <object_component id="oc-323">
         <name>.text:_pconv_e</name>
         <load_address>0x41e8</load_address>
         <run_address>0x41e8</run_address>
         <size>0x13c</size>
         <input_file_ref idref="fl-f0"/>
      </object_component>
      <object_component id="oc-181">
         <name>.text</name>
         <load_address>0x4324</load_address>
         <run_address>0x4324</run_address>
         <size>0x136</size>
         <input_file_ref idref="fl-d0"/>
      </object_component>
      <object_component id="oc-15d">
         <name>.text:__vla_alloc</name>
         <load_address>0x445c</load_address>
         <run_address>0x445c</run_address>
         <size>0x134</size>
         <input_file_ref idref="fl-cd"/>
      </object_component>
      <object_component id="oc-1b6">
         <name>.text</name>
         <load_address>0x4590</load_address>
         <run_address>0x4590</run_address>
         <size>0x134</size>
         <input_file_ref idref="fl-3"/>
      </object_component>
      <object_component id="oc-403">
         <name>.text:fcvt</name>
         <load_address>0x46c4</load_address>
         <run_address>0x46c4</run_address>
         <size>0x120</size>
         <input_file_ref idref="fl-f0"/>
      </object_component>
      <object_component id="oc-3bd">
         <name>.text:fputs</name>
         <load_address>0x47e4</load_address>
         <run_address>0x47e4</run_address>
         <size>0x114</size>
         <input_file_ref idref="fl-f5"/>
      </object_component>
      <object_component id="oc-24a">
         <name>.text:realloc</name>
         <load_address>0x48f8</load_address>
         <run_address>0x48f8</run_address>
         <size>0x114</size>
         <input_file_ref idref="fl-de"/>
      </object_component>
      <object_component id="oc-2a5">
         <name>.text:scalbn</name>
         <load_address>0x4a0c</load_address>
         <run_address>0x4a0c</run_address>
         <size>0x110</size>
         <input_file_ref idref="fl-cb"/>
      </object_component>
      <object_component id="oc-1a2">
         <name>.text</name>
         <load_address>0x4b1c</load_address>
         <run_address>0x4b1c</run_address>
         <size>0xfc</size>
         <input_file_ref idref="fl-d1"/>
      </object_component>
      <object_component id="oc-3a7">
         <name>.text:floor</name>
         <load_address>0x4c18</load_address>
         <run_address>0x4c18</run_address>
         <size>0xf8</size>
         <input_file_ref idref="fl-ea"/>
      </object_component>
      <object_component id="oc-498">
         <name>.text:setvbuf</name>
         <load_address>0x4d10</load_address>
         <run_address>0x4d10</run_address>
         <size>0xdc</size>
         <input_file_ref idref="fl-102"/>
      </object_component>
      <object_component id="oc-36d">
         <name>.text:free</name>
         <load_address>0x4dec</load_address>
         <run_address>0x4dec</run_address>
         <size>0xd8</size>
         <input_file_ref idref="fl-de"/>
      </object_component>
      <object_component id="oc-311">
         <name>.text:_ltostr</name>
         <load_address>0x4ec4</load_address>
         <run_address>0x4ec4</run_address>
         <size>0xb1</size>
         <input_file_ref idref="fl-f0"/>
      </object_component>
      <object_component id="oc-3b">
         <name>.text</name>
         <load_address>0x4f76</load_address>
         <run_address>0x4f76</run_address>
         <size>0x9c</size>
         <input_file_ref idref="fl-d6"/>
      </object_component>
      <object_component id="oc-3ea">
         <name>.text</name>
         <load_address>0x5012</load_address>
         <run_address>0x5012</run_address>
         <size>0x96</size>
         <input_file_ref idref="fl-fd"/>
      </object_component>
      <object_component id="oc-3c4">
         <name>.text:fputc</name>
         <load_address>0x50a8</load_address>
         <run_address>0x50a8</run_address>
         <size>0x8c</size>
         <input_file_ref idref="fl-f4"/>
      </object_component>
      <object_component id="oc-1cb">
         <name>.text:__aeabi_cdcmple</name>
         <load_address>0x5134</load_address>
         <run_address>0x5134</run_address>
         <size>0x86</size>
         <input_file_ref idref="fl-cf"/>
      </object_component>
      <object_component id="oc-1d0">
         <name>.text:__aeabi_cdrcmple</name>
         <load_address>0x51ba</load_address>
         <run_address>0x51ba</run_address>
         <size>0x86</size>
         <input_file_ref idref="fl-cf"/>
      </object_component>
      <object_component id="oc-93">
         <name>.text</name>
         <load_address>0x5240</load_address>
         <run_address>0x5240</run_address>
         <size>0x7a</size>
         <input_file_ref idref="fl-ec"/>
      </object_component>
      <object_component id="oc-244">
         <name>.text:_ZN33_INTERNAL_11_vla_alloc_c_be8bd49b21free_dead_allocationsEPv</name>
         <load_address>0x52bc</load_address>
         <run_address>0x52bc</run_address>
         <size>0x78</size>
         <input_file_ref idref="fl-cd"/>
      </object_component>
      <object_component id="oc-23e">
         <name>.text:malloc</name>
         <load_address>0x5334</load_address>
         <run_address>0x5334</run_address>
         <size>0x78</size>
         <input_file_ref idref="fl-de"/>
      </object_component>
      <object_component id="oc-4e6">
         <name>.text:__TI_closefile</name>
         <load_address>0x53ac</load_address>
         <run_address>0x53ac</run_address>
         <size>0x74</size>
         <input_file_ref idref="fl-10e"/>
      </object_component>
      <object_component id="oc-3fc">
         <name>.text:_mcpy</name>
         <load_address>0x5420</load_address>
         <run_address>0x5420</run_address>
         <size>0x6e</size>
         <input_file_ref idref="fl-f0"/>
      </object_component>
      <object_component id="oc-186">
         <name>.text</name>
         <load_address>0x548e</load_address>
         <run_address>0x548e</run_address>
         <size>0x6e</size>
         <input_file_ref idref="fl-d3"/>
      </object_component>
      <object_component id="oc-50a">
         <name>.text:HOSTlseek</name>
         <load_address>0x54fc</load_address>
         <run_address>0x54fc</run_address>
         <size>0x68</size>
         <input_file_ref idref="fl-104"/>
      </object_component>
      <object_component id="oc-516">
         <name>.text:HOSTrename</name>
         <load_address>0x5564</load_address>
         <run_address>0x5564</run_address>
         <size>0x68</size>
         <input_file_ref idref="fl-107"/>
      </object_component>
      <object_component id="oc-12">
         <name>.text:decompress:lzss:__TI_decompress_lzss</name>
         <load_address>0x55cc</load_address>
         <run_address>0x55cc</run_address>
         <size>0x68</size>
         <input_file_ref idref="fl-da"/>
      </object_component>
      <object_component id="oc-1e1">
         <name>.text:printf</name>
         <load_address>0x5634</load_address>
         <run_address>0x5634</run_address>
         <size>0x68</size>
         <input_file_ref idref="fl-e1"/>
      </object_component>
      <object_component id="oc-411">
         <name>.text:frexp</name>
         <load_address>0x569c</load_address>
         <run_address>0x569c</run_address>
         <size>0x64</size>
         <input_file_ref idref="fl-fb"/>
      </object_component>
      <object_component id="oc-492">
         <name>.text:fseek</name>
         <load_address>0x5700</load_address>
         <run_address>0x5700</run_address>
         <size>0x64</size>
         <input_file_ref idref="fl-100"/>
      </object_component>
      <object_component id="oc-451">
         <name>.text:__TI_wrt_ok</name>
         <load_address>0x5764</load_address>
         <run_address>0x5764</run_address>
         <size>0x62</size>
         <input_file_ref idref="fl-fe"/>
      </object_component>
      <object_component id="oc-4f2">
         <name>.text:HOSTopen</name>
         <load_address>0x57c8</load_address>
         <run_address>0x57c8</run_address>
         <size>0x60</size>
         <input_file_ref idref="fl-105"/>
      </object_component>
      <object_component id="oc-520">
         <name>.text:close</name>
         <load_address>0x5828</load_address>
         <run_address>0x5828</run_address>
         <size>0x5c</size>
         <input_file_ref idref="fl-113"/>
      </object_component>
      <object_component id="oc-4fe">
         <name>.text:HOSTread</name>
         <load_address>0x5884</load_address>
         <run_address>0x5884</run_address>
         <size>0x58</size>
         <input_file_ref idref="fl-106"/>
      </object_component>
      <object_component id="oc-504">
         <name>.text:HOSTwrite</name>
         <load_address>0x58dc</load_address>
         <run_address>0x58dc</run_address>
         <size>0x58</size>
         <input_file_ref idref="fl-109"/>
      </object_component>
      <object_component id="oc-31d">
         <name>.text:_pconv_f</name>
         <load_address>0x5934</load_address>
         <run_address>0x5934</run_address>
         <size>0x56</size>
         <input_file_ref idref="fl-f0"/>
      </object_component>
      <object_component id="oc-3f0">
         <name>.text:ltoa</name>
         <load_address>0x598a</load_address>
         <run_address>0x598a</run_address>
         <size>0x54</size>
         <input_file_ref idref="fl-f6"/>
      </object_component>
      <object_component id="oc-3f6">
         <name>.text:_ecpy</name>
         <load_address>0x59de</load_address>
         <run_address>0x59de</run_address>
         <size>0x52</size>
         <input_file_ref idref="fl-f0"/>
      </object_component>
      <object_component id="oc-45d">
         <name>.text:__TI_doflush</name>
         <load_address>0x5a30</load_address>
         <run_address>0x5a30</run_address>
         <size>0x4c</size>
         <input_file_ref idref="fl-ff"/>
      </object_component>
      <object_component id="oc-30b">
         <name>.text:atoi</name>
         <load_address>0x5a7c</load_address>
         <run_address>0x5a7c</run_address>
         <size>0x4c</size>
         <input_file_ref idref="fl-f1"/>
      </object_component>
      <object_component id="oc-fe">
         <name>.text:exit</name>
         <load_address>0x5ac8</load_address>
         <run_address>0x5ac8</run_address>
         <size>0x48</size>
         <input_file_ref idref="fl-dd"/>
      </object_component>
      <object_component id="oc-1ac">
         <name>.text</name>
         <load_address>0x5b10</load_address>
         <run_address>0x5b10</run_address>
         <size>0x48</size>
         <input_file_ref idref="fl-d2"/>
      </object_component>
      <object_component id="oc-4f8">
         <name>.text:HOSTclose</name>
         <load_address>0x5b58</load_address>
         <run_address>0x5b58</run_address>
         <size>0x44</size>
         <input_file_ref idref="fl-103"/>
      </object_component>
      <object_component id="oc-510">
         <name>.text:HOSTunlink</name>
         <load_address>0x5b9c</load_address>
         <run_address>0x5b9c</run_address>
         <size>0x44</size>
         <input_file_ref idref="fl-108"/>
      </object_component>
      <object_component id="oc-104">
         <name>.text:__TI_auto_init_nobinit_nopinit:__TI_auto_init_nobinit_nopinit</name>
         <load_address>0x5be0</load_address>
         <run_address>0x5be0</run_address>
         <size>0x44</size>
         <input_file_ref idref="fl-ed"/>
      </object_component>
      <object_component id="oc-54f">
         <name>.text:getdevice</name>
         <load_address>0x5c24</load_address>
         <run_address>0x5c24</run_address>
         <size>0x44</size>
         <input_file_ref idref="fl-10f"/>
      </object_component>
      <object_component id="oc-1e7">
         <name>.text:sprintf</name>
         <load_address>0x5c68</load_address>
         <run_address>0x5c68</run_address>
         <size>0x40</size>
         <input_file_ref idref="fl-e2"/>
      </object_component>
      <object_component id="oc-145">
         <name>.text:vsnprintf</name>
         <load_address>0x5ca8</load_address>
         <run_address>0x5ca8</run_address>
         <size>0x40</size>
         <input_file_ref idref="fl-e6"/>
      </object_component>
      <object_component id="oc-409">
         <name>.text:_fcpy</name>
         <load_address>0x5ce8</load_address>
         <run_address>0x5ce8</run_address>
         <size>0x3e</size>
         <input_file_ref idref="fl-f0"/>
      </object_component>
      <object_component id="oc-363">
         <name>.text:minsert</name>
         <load_address>0x5d28</load_address>
         <run_address>0x5d28</run_address>
         <size>0x3c</size>
         <input_file_ref idref="fl-de"/>
      </object_component>
      <object_component id="oc-531">
         <name>.text:__TI_writemsg</name>
         <load_address>0x5d64</load_address>
         <run_address>0x5d64</run_address>
         <size>0x38</size>
         <input_file_ref idref="fl-10a"/>
      </object_component>
      <object_component id="oc-59">
         <name>.text:_c_int00_noargs:_c_int00_noargs</name>
         <load_address>0x5d9c</load_address>
         <run_address>0x5d9c</run_address>
         <size>0x38</size>
         <input_file_ref idref="fl-db"/>
      </object_component>
      <object_component id="oc-357">
         <name>.text:minit</name>
         <load_address>0x5dd4</load_address>
         <run_address>0x5dd4</run_address>
         <size>0x38</size>
         <input_file_ref idref="fl-de"/>
      </object_component>
      <object_component id="oc-19d">
         <name>.text</name>
         <load_address>0x5e0c</load_address>
         <run_address>0x5e0c</run_address>
         <size>0x38</size>
         <input_file_ref idref="fl-d4"/>
      </object_component>
      <object_component id="oc-56f">
         <name>.text:strncpy</name>
         <load_address>0x5e44</load_address>
         <run_address>0x5e44</run_address>
         <size>0x36</size>
         <input_file_ref idref="fl-111"/>
      </object_component>
      <object_component id="oc-170">
         <name>.text:IntRegister</name>
         <load_address>0x5e7c</load_address>
         <run_address>0x5e7c</run_address>
         <size>0x34</size>
         <input_file_ref idref="fl-114"/>
      </object_component>
      <object_component id="oc-4be">
         <name>.text:__TI_cleanup</name>
         <load_address>0x5eb0</load_address>
         <run_address>0x5eb0</run_address>
         <size>0x34</size>
         <input_file_ref idref="fl-10c"/>
      </object_component>
      <object_component id="oc-537">
         <name>.text:__TI_readmsg</name>
         <load_address>0x5ee4</load_address>
         <run_address>0x5ee4</run_address>
         <size>0x34</size>
         <input_file_ref idref="fl-10a"/>
      </object_component>
      <object_component id="oc-21a">
         <name>.text:_outs</name>
         <load_address>0x5f18</load_address>
         <run_address>0x5f18</run_address>
         <size>0x30</size>
         <input_file_ref idref="fl-e6"/>
      </object_component>
      <object_component id="oc-575">
         <name>.text:finddevice</name>
         <load_address>0x5f48</load_address>
         <run_address>0x5f48</run_address>
         <size>0x30</size>
         <input_file_ref idref="fl-10f"/>
      </object_component>
      <object_component id="oc-1b1">
         <name>.text</name>
         <load_address>0x5f78</load_address>
         <run_address>0x5f78</run_address>
         <size>0x2e</size>
         <input_file_ref idref="fl-d5"/>
      </object_component>
      <object_component id="oc-526">
         <name>.text:unlink</name>
         <load_address>0x5fa8</load_address>
         <run_address>0x5fa8</run_address>
         <size>0x2c</size>
         <input_file_ref idref="fl-112"/>
      </object_component>
      <object_component id="oc-4b6">
         <name>.text:lseek</name>
         <load_address>0x5fd4</load_address>
         <run_address>0x5fd4</run_address>
         <size>0x28</size>
         <input_file_ref idref="fl-101"/>
      </object_component>
      <object_component id="oc-35d">
         <name>.text:mremove</name>
         <load_address>0x5ffc</load_address>
         <run_address>0x5ffc</run_address>
         <size>0x28</size>
         <input_file_ref idref="fl-de"/>
      </object_component>
      <object_component id="oc-463">
         <name>.text:write</name>
         <load_address>0x6024</load_address>
         <run_address>0x6024</run_address>
         <size>0x28</size>
         <input_file_ref idref="fl-fa"/>
      </object_component>
      <object_component id="oc-9f">
         <name>.text</name>
         <load_address>0x604c</load_address>
         <run_address>0x604c</run_address>
         <size>0x22</size>
         <input_file_ref idref="fl-5"/>
      </object_component>
      <object_component id="oc-457">
         <name>.text:memchr</name>
         <load_address>0x606e</load_address>
         <run_address>0x606e</run_address>
         <size>0x20</size>
         <input_file_ref idref="fl-f8"/>
      </object_component>
      <object_component id="oc-17c">
         <name>.text</name>
         <load_address>0x608e</load_address>
         <run_address>0x608e</run_address>
         <size>0x20</size>
         <input_file_ref idref="fl-d7"/>
      </object_component>
      <object_component id="oc-32f">
         <name>.text:memccpy</name>
         <load_address>0x60ae</load_address>
         <run_address>0x60ae</run_address>
         <size>0x1c</size>
         <input_file_ref idref="fl-f7"/>
      </object_component>
      <object_component id="oc-220">
         <name>.text:_outc</name>
         <load_address>0x60ca</load_address>
         <run_address>0x60ca</run_address>
         <size>0x18</size>
         <input_file_ref idref="fl-e6"/>
      </object_component>
      <object_component id="oc-2dc">
         <name>.text:_outs</name>
         <load_address>0x60e2</load_address>
         <run_address>0x60e2</run_address>
         <size>0x18</size>
         <input_file_ref idref="fl-e2"/>
      </object_component>
      <object_component id="oc-14b">
         <name>.text:strcmp</name>
         <load_address>0x60fa</load_address>
         <run_address>0x60fa</run_address>
         <size>0x18</size>
         <input_file_ref idref="fl-e3"/>
      </object_component>
      <object_component id="oc-417">
         <name>.text:strchr</name>
         <load_address>0x6112</load_address>
         <run_address>0x6112</run_address>
         <size>0x16</size>
         <input_file_ref idref="fl-f9"/>
      </object_component>
      <object_component id="oc-391">
         <name>.text:copysign</name>
         <load_address>0x6128</load_address>
         <run_address>0x6128</run_address>
         <size>0x14</size>
         <input_file_ref idref="fl-cc"/>
      </object_component>
      <object_component id="oc-151">
         <name>.text:strcpy</name>
         <load_address>0x613c</load_address>
         <run_address>0x613c</run_address>
         <size>0x14</size>
         <input_file_ref idref="fl-e4"/>
      </object_component>
      <object_component id="oc-157">
         <name>.text:strlen</name>
         <load_address>0x6150</load_address>
         <run_address>0x6150</run_address>
         <size>0x14</size>
         <input_file_ref idref="fl-e5"/>
      </object_component>
      <object_component id="oc-335">
         <name>.text:wcslen</name>
         <load_address>0x6164</load_address>
         <run_address>0x6164</run_address>
         <size>0x12</size>
         <input_file_ref idref="fl-fc"/>
      </object_component>
      <object_component id="oc-176">
         <name>.text:IntMasterEnable</name>
         <load_address>0x6176</load_address>
         <run_address>0x6176</run_address>
         <size>0x10</size>
         <input_file_ref idref="fl-114"/>
      </object_component>
      <object_component id="oc-13e">
         <name>.text:lcd_clear</name>
         <load_address>0x6186</load_address>
         <run_address>0x6186</run_address>
         <size>0x10</size>
         <input_file_ref idref="fl-4"/>
      </object_component>
      <object_component id="oc-18">
         <name>.text:decompress:none:__TI_decompress_none</name>
         <load_address>0x6196</load_address>
         <run_address>0x6196</run_address>
         <size>0xe</size>
         <input_file_ref idref="fl-d9"/>
      </object_component>
      <object_component id="oc-273">
         <name>.text:CPUcpsie</name>
         <load_address>0x61a4</load_address>
         <run_address>0x61a4</run_address>
         <size>0xc</size>
         <input_file_ref idref="fl-115"/>
      </object_component>
      <object_component id="oc-4d">
         <name>.text:decompress:ZI:__TI_zero_init</name>
         <load_address>0x61b0</load_address>
         <run_address>0x61b0</run_address>
         <size>0xc</size>
         <input_file_ref idref="fl-d8"/>
      </object_component>
      <object_component id="oc-27">
         <name>.text</name>
         <load_address>0x61bc</load_address>
         <run_address>0x61bc</run_address>
         <size>0xc</size>
         <input_file_ref idref="fl-c"/>
      </object_component>
      <object_component id="oc-2e2">
         <name>.text:_outc</name>
         <load_address>0x61c8</load_address>
         <run_address>0x61c8</run_address>
         <size>0xa</size>
         <input_file_ref idref="fl-e2"/>
      </object_component>
      <object_component id="oc-29c">
         <name>.text:__aeabi_errno_addr</name>
         <load_address>0x61d4</load_address>
         <run_address>0x61d4</run_address>
         <size>0x8</size>
         <input_file_ref idref="fl-dc"/>
      </object_component>
      <object_component id="oc-238">
         <name>.text:__abort_execution</name>
         <load_address>0x61dc</load_address>
         <run_address>0x61dc</run_address>
         <size>0x4</size>
         <input_file_ref idref="fl-eb"/>
      </object_component>
      <object_component id="oc-2d4">
         <name>.text:_outc</name>
         <load_address>0x61e0</load_address>
         <run_address>0x61e0</run_address>
         <size>0x4</size>
         <input_file_ref idref="fl-e1"/>
      </object_component>
      <object_component id="oc-2ce">
         <name>.text:_outs</name>
         <load_address>0x61e4</load_address>
         <run_address>0x61e4</run_address>
         <size>0x4</size>
         <input_file_ref idref="fl-e1"/>
      </object_component>
      <object_component id="oc-99">
         <name>.text:_system_pre_init</name>
         <load_address>0x61e8</load_address>
         <run_address>0x61e8</run_address>
         <size>0x4</size>
         <input_file_ref idref="fl-ee"/>
      </object_component>
      <object_component id="oc-f8">
         <name>.text:abort:abort</name>
         <load_address>0x61ec</load_address>
         <run_address>0x61ec</run_address>
         <size>0x4</size>
         <input_file_ref idref="fl-dd"/>
      </object_component>
      <object_component id="oc-3ad">
         <name>.const:$O1$$</name>
         <load_address>0x61f0</load_address>
         <run_address>0x61f0</run_address>
         <size>0x158</size>
         <input_file_ref idref="fl-e7"/>
      </object_component>
      <object_component id="oc-3e5">
         <name>.const:.string:_ctypes_</name>
         <load_address>0x6348</load_address>
         <run_address>0x6348</run_address>
         <size>0x101</size>
         <input_file_ref idref="fl-f2"/>
      </object_component>
      <object_component id="oc-163">
         <name>.const:.string:lineAddress$1</name>
         <load_address>0x6449</load_address>
         <run_address>0x6449</run_address>
         <size>0x4</size>
         <input_file_ref idref="fl-4"/>
      </object_component>
      <object_component id="oc-2a2">
         <name>.const:$O1$$</name>
         <load_address>0x6450</load_address>
         <run_address>0x6450</run_address>
         <size>0x30</size>
         <input_file_ref idref="fl-c8"/>
      </object_component>
      <object_component id="oc-166">
         <name>.const:.string:$P$T1$4</name>
         <load_address>0x6480</load_address>
         <run_address>0x6480</run_address>
         <size>0x15</size>
         <input_file_ref idref="fl-4"/>
      </object_component>
      <object_component id="oc-164">
         <name>.const:.string:lineAddresses$2</name>
         <load_address>0x6495</load_address>
         <run_address>0x6495</run_address>
         <size>0x4</size>
         <input_file_ref idref="fl-4"/>
      </object_component>
      <object_component id="oc-5b9">
         <name>.cinit..data.load</name>
         <load_address>0x64a0</load_address>
         <run_address>0x64a0</run_address>
         <size>0x71</size>
      </object_component>
      <object_component id="oc-5b6">
         <name>__TI_handler_table</name>
         <load_address>0x6514</load_address>
         <run_address>0x6514</run_address>
         <size>0xc</size>
      </object_component>
      <object_component id="oc-5ba">
         <name>.cinit..bss.load</name>
         <load_address>0x6520</load_address>
         <run_address>0x6520</run_address>
         <size>0x8</size>
      </object_component>
      <object_component id="oc-5b8">
         <name>.cinit..vtable.load</name>
         <load_address>0x6528</load_address>
         <run_address>0x6528</run_address>
         <size>0x8</size>
      </object_component>
      <object_component id="oc-5b7">
         <name>__TI_cinit_table</name>
         <load_address>0x6530</load_address>
         <run_address>0x6530</run_address>
         <size>0x18</size>
      </object_component>
      <object_component id="oc-269">
         <name>.vtable</name>
         <uninitialized>true</uninitialized>
         <run_address>0x20000000</run_address>
         <size>0x26c</size>
         <input_file_ref idref="fl-114"/>
      </object_component>
      <object_component id="oc-292">
         <name>.data</name>
         <load_address>0x200026bc</load_address>
         <run_address>0x200026bc</run_address>
         <size>0x1</size>
         <input_file_ref idref="fl-3"/>
      </object_component>
      <object_component id="oc-38a">
         <name>.data</name>
         <load_address>0x200026b8</load_address>
         <run_address>0x200026b8</run_address>
         <size>0x4</size>
         <input_file_ref idref="fl-dc"/>
      </object_component>
      <object_component id="oc-1ef">
         <name>.data:$O1$$</name>
         <load_address>0x20002698</load_address>
         <run_address>0x20002698</run_address>
         <size>0xc</size>
         <input_file_ref idref="fl-dd"/>
      </object_component>
      <object_component id="oc-369">
         <name>.data:$O1$$</name>
         <load_address>0x200026a4</load_address>
         <run_address>0x200026a4</run_address>
         <size>0xc</size>
         <input_file_ref idref="fl-de"/>
      </object_component>
      <object_component id="oc-1f2">
         <name>.data:$O1$$</name>
         <load_address>0x200026b0</load_address>
         <run_address>0x200026b0</run_address>
         <size>0x8</size>
         <input_file_ref idref="fl-df"/>
      </object_component>
      <object_component id="oc-2cb">
         <name>.data:_ftable</name>
         <load_address>0x200024d0</load_address>
         <run_address>0x200024d0</run_address>
         <size>0xf0</size>
         <input_file_ref idref="fl-f3"/>
      </object_component>
      <object_component id="oc-4ec">
         <name>.data</name>
         <load_address>0x20002688</load_address>
         <run_address>0x20002688</run_address>
         <size>0x10</size>
         <input_file_ref idref="fl-f3"/>
      </object_component>
      <object_component id="oc-4d1">
         <name>.data:_device</name>
         <load_address>0x200025c0</load_address>
         <run_address>0x200025c0</run_address>
         <size>0x78</size>
         <input_file_ref idref="fl-fa"/>
      </object_component>
      <object_component id="oc-4a4">
         <name>.data:_stream</name>
         <load_address>0x20002638</load_address>
         <run_address>0x20002638</run_address>
         <size>0x50</size>
         <input_file_ref idref="fl-fa"/>
      </object_component>
      <object_component id="oc-165">
         <name>.bss:lastbuffer$3</name>
         <uninitialized>true</uninitialized>
         <run_address>0x20002430</run_address>
         <size>0x54</size>
         <input_file_ref idref="fl-4"/>
      </object_component>
      <object_component id="oc-250">
         <name>.bss:$O1$$</name>
         <uninitialized>true</uninitialized>
         <run_address>0x20002484</run_address>
         <size>0x1c</size>
         <input_file_ref idref="fl-cd"/>
      </object_component>
      <object_component id="oc-559">
         <name>.bss:_CIOBUF_</name>
         <uninitialized>true</uninitialized>
         <run_address>0x20002270</run_address>
         <size>0x120</size>
         <input_file_ref idref="fl-10a"/>
      </object_component>
      <object_component id="oc-293">
         <name>.common:button_event_ptr</name>
         <uninitialized>true</uninitialized>
         <run_address>0x200024a8</run_address>
         <size>0x4</size>
      </object_component>
      <object_component id="oc-296">
         <name>.common:button_num_ptr</name>
         <uninitialized>true</uninitialized>
         <run_address>0x200024ac</run_address>
         <size>0x4</size>
      </object_component>
      <object_component id="oc-18e">
         <name>.common:state</name>
         <uninitialized>true</uninitialized>
         <run_address>0x200024cc</run_address>
         <size>0x1</size>
      </object_component>
      <object_component id="oc-193">
         <name>.common:risingEdge</name>
         <uninitialized>true</uninitialized>
         <run_address>0x200024c0</run_address>
         <size>0x4</size>
      </object_component>
      <object_component id="oc-194">
         <name>.common:fallingEdge</name>
         <uninitialized>true</uninitialized>
         <run_address>0x200024b0</run_address>
         <size>0x4</size>
      </object_component>
      <object_component id="oc-195">
         <name>.common:pulseLength</name>
         <uninitialized>true</uninitialized>
         <run_address>0x200024b8</run_address>
         <size>0x4</size>
      </object_component>
      <object_component id="oc-1bc">
         <name>.common:pulse_width</name>
         <uninitialized>true</uninitialized>
         <run_address>0x200024bc</run_address>
         <size>0x4</size>
      </object_component>
      <object_component id="oc-18b">
         <name>.common:numoverflows</name>
         <uninitialized>true</uninitialized>
         <run_address>0x200024b4</run_address>
         <size>0x4</size>
      </object_component>
      <object_component id="oc-1c0">
         <name>.common:rx_event_ptr</name>
         <uninitialized>true</uninitialized>
         <run_address>0x200024c8</run_address>
         <size>0x4</size>
      </object_component>
      <object_component id="oc-1c3">
         <name>.common:rx_char_ptr</name>
         <uninitialized>true</uninitialized>
         <run_address>0x200024c4</run_address>
         <size>0x4</size>
      </object_component>
      <object_component id="oc-52c">
         <name>.common:__TI_tmpnams</name>
         <uninitialized>true</uninitialized>
         <run_address>0x20002390</run_address>
         <size>0xa0</size>
      </object_component>
      <object_component id="oc-53d">
         <name>.common:parmbuf</name>
         <uninitialized>true</uninitialized>
         <run_address>0x200024a0</run_address>
         <size>0x8</size>
      </object_component>
      <object_component id="oc-24">
         <name>.sysmem</name>
         <uninitialized>true</uninitialized>
         <run_address>0x20001270</run_address>
         <size>0x8</size>
         <input_file_ref idref="fl-de"/>
      </object_component>
      <object_component id="oc-5bc">
         <name>.sysmem</name>
         <uninitialized>true</uninitialized>
         <run_address>0x20001270</run_address>
         <size>0x0</size>
      </object_component>
      <object_component id="oc-21">
         <name>.stack</name>
         <uninitialized>true</uninitialized>
         <run_address>0x20000270</run_address>
         <size>0x4</size>
         <input_file_ref idref="fl-db"/>
      </object_component>
      <object_component id="oc-5bb">
         <name>.stack</name>
         <uninitialized>true</uninitialized>
         <run_address>0x20000270</run_address>
         <size>0x0</size>
      </object_component>
      <object_component id="oc-c2">
         <name>.debug_info</name>
         <load_address>0x0</load_address>
         <run_address>0x0</run_address>
         <size>0x292</size>
         <input_file_ref idref="fl-2"/>
      </object_component>
      <object_component id="oc-e0">
         <name>.debug_info</name>
         <load_address>0x292</load_address>
         <run_address>0x292</run_address>
         <size>0x26c</size>
         <input_file_ref idref="fl-2"/>
      </object_component>
      <object_component id="oc-74">
         <name>.debug_info</name>
         <load_address>0x4fe</load_address>
         <run_address>0x4fe</run_address>
         <size>0x26b</size>
         <input_file_ref idref="fl-2"/>
      </object_component>
      <object_component id="oc-36">
         <name>.debug_info</name>
         <load_address>0x769</load_address>
         <run_address>0x769</run_address>
         <size>0x84</size>
         <input_file_ref idref="fl-2"/>
      </object_component>
      <object_component id="oc-bd">
         <name>.debug_info</name>
         <load_address>0x7ed</load_address>
         <run_address>0x7ed</run_address>
         <size>0x297</size>
         <input_file_ref idref="fl-2"/>
      </object_component>
      <object_component id="oc-79">
         <name>.debug_info</name>
         <load_address>0xa84</load_address>
         <run_address>0xa84</run_address>
         <size>0xbb</size>
         <input_file_ref idref="fl-2"/>
      </object_component>
      <object_component id="oc-264">
         <name>.debug_info</name>
         <load_address>0xb3f</load_address>
         <run_address>0xb3f</run_address>
         <size>0xcc</size>
         <input_file_ref idref="fl-2"/>
      </object_component>
      <object_component id="oc-16b">
         <name>.debug_info</name>
         <load_address>0xc0b</load_address>
         <run_address>0xc0b</run_address>
         <size>0x2c</size>
         <input_file_ref idref="fl-2"/>
      </object_component>
      <object_component id="oc-294">
         <name>.debug_info</name>
         <load_address>0xc37</load_address>
         <run_address>0xc37</run_address>
         <size>0x331</size>
         <input_file_ref idref="fl-3"/>
      </object_component>
      <object_component id="oc-1ba">
         <name>.debug_info</name>
         <load_address>0xf68</load_address>
         <run_address>0xf68</run_address>
         <size>0x35c</size>
         <input_file_ref idref="fl-3"/>
      </object_component>
      <object_component id="oc-16a">
         <name>.debug_info</name>
         <load_address>0x12c4</load_address>
         <run_address>0x12c4</run_address>
         <size>0x3e5</size>
         <input_file_ref idref="fl-4"/>
      </object_component>
      <object_component id="oc-167">
         <name>.debug_info</name>
         <load_address>0x16a9</load_address>
         <run_address>0x16a9</run_address>
         <size>0xbf</size>
         <input_file_ref idref="fl-4"/>
      </object_component>
      <object_component id="oc-13f">
         <name>.debug_info</name>
         <load_address>0x1768</load_address>
         <run_address>0x1768</run_address>
         <size>0x118</size>
         <input_file_ref idref="fl-4"/>
      </object_component>
      <object_component id="oc-d4">
         <name>.debug_info</name>
         <load_address>0x1880</load_address>
         <run_address>0x1880</run_address>
         <size>0x9f2</size>
         <input_file_ref idref="fl-4"/>
      </object_component>
      <object_component id="oc-18f">
         <name>.debug_info</name>
         <load_address>0x2272</load_address>
         <run_address>0x2272</run_address>
         <size>0x3fb</size>
         <input_file_ref idref="fl-5"/>
      </object_component>
      <object_component id="oc-a1">
         <name>.debug_info</name>
         <load_address>0x266d</load_address>
         <run_address>0x266d</run_address>
         <size>0x16f</size>
         <input_file_ref idref="fl-5"/>
      </object_component>
      <object_component id="oc-27f">
         <name>.debug_info</name>
         <load_address>0x27dc</load_address>
         <run_address>0x27dc</run_address>
         <size>0x8e</size>
         <input_file_ref idref="fl-5"/>
      </object_component>
      <object_component id="oc-288">
         <name>.debug_info</name>
         <load_address>0x286a</load_address>
         <run_address>0x286a</run_address>
         <size>0x69</size>
         <input_file_ref idref="fl-5"/>
      </object_component>
      <object_component id="oc-20f">
         <name>.debug_info</name>
         <load_address>0x28d3</load_address>
         <run_address>0x28d3</run_address>
         <size>0x2c</size>
         <input_file_ref idref="fl-6"/>
      </object_component>
      <object_component id="oc-197">
         <name>.debug_info</name>
         <load_address>0x28ff</load_address>
         <run_address>0x28ff</run_address>
         <size>0x8b</size>
         <input_file_ref idref="fl-7"/>
      </object_component>
      <object_component id="oc-18c">
         <name>.debug_info</name>
         <load_address>0x298a</load_address>
         <run_address>0x298a</run_address>
         <size>0x39f</size>
         <input_file_ref idref="fl-8"/>
      </object_component>
      <object_component id="oc-da">
         <name>.debug_info</name>
         <load_address>0x2d29</load_address>
         <run_address>0x2d29</run_address>
         <size>0x31d</size>
         <input_file_ref idref="fl-8"/>
      </object_component>
      <object_component id="oc-1bd">
         <name>.debug_info</name>
         <load_address>0x3046</load_address>
         <run_address>0x3046</run_address>
         <size>0x310</size>
         <input_file_ref idref="fl-9"/>
      </object_component>
      <object_component id="oc-e6">
         <name>.debug_info</name>
         <load_address>0x3356</load_address>
         <run_address>0x3356</run_address>
         <size>0x485</size>
         <input_file_ref idref="fl-9"/>
      </object_component>
      <object_component id="oc-191">
         <name>.debug_info</name>
         <load_address>0x37db</load_address>
         <run_address>0x37db</run_address>
         <size>0x4ff</size>
         <input_file_ref idref="fl-a"/>
      </object_component>
      <object_component id="oc-f2">
         <name>.debug_info</name>
         <load_address>0x3cda</load_address>
         <run_address>0x3cda</run_address>
         <size>0x65d</size>
         <input_file_ref idref="fl-a"/>
      </object_component>
      <object_component id="oc-13a">
         <name>.debug_info</name>
         <load_address>0x4337</load_address>
         <run_address>0x4337</run_address>
         <size>0x3e8</size>
         <input_file_ref idref="fl-b"/>
      </object_component>
      <object_component id="oc-2f">
         <name>.debug_info</name>
         <load_address>0x471f</load_address>
         <run_address>0x471f</run_address>
         <size>0x29f</size>
         <input_file_ref idref="fl-c"/>
      </object_component>
      <object_component id="oc-10">
         <name>.debug_info</name>
         <load_address>0x49be</load_address>
         <run_address>0x49be</run_address>
         <size>0xde</size>
         <input_file_ref idref="fl-c"/>
      </object_component>
      <object_component id="oc-28">
         <name>.debug_info</name>
         <load_address>0x4a9c</load_address>
         <run_address>0x4a9c</run_address>
         <size>0x25a</size>
         <input_file_ref idref="fl-c"/>
      </object_component>
      <object_component id="oc-1c1">
         <name>.debug_info</name>
         <load_address>0x4cf6</load_address>
         <run_address>0x4cf6</run_address>
         <size>0x35e</size>
         <input_file_ref idref="fl-d"/>
      </object_component>
      <object_component id="oc-ec">
         <name>.debug_info</name>
         <load_address>0x5054</load_address>
         <run_address>0x5054</run_address>
         <size>0x64f</size>
         <input_file_ref idref="fl-d"/>
      </object_component>
      <object_component id="oc-2b1">
         <name>.debug_info</name>
         <load_address>0x56a3</load_address>
         <run_address>0x56a3</run_address>
         <size>0x358</size>
         <input_file_ref idref="fl-c8"/>
      </object_component>
      <object_component id="oc-2a3">
         <name>.debug_info</name>
         <load_address>0x59fb</load_address>
         <run_address>0x59fb</run_address>
         <size>0x11d</size>
         <input_file_ref idref="fl-c8"/>
      </object_component>
      <object_component id="oc-1c6">
         <name>.debug_info</name>
         <load_address>0x5b18</load_address>
         <run_address>0x5b18</run_address>
         <size>0xbd9</size>
         <input_file_ref idref="fl-c8"/>
      </object_component>
      <object_component id="oc-39e">
         <name>.debug_info</name>
         <load_address>0x66f1</load_address>
         <run_address>0x66f1</run_address>
         <size>0x46</size>
         <input_file_ref idref="fl-c8"/>
      </object_component>
      <object_component id="oc-2ac">
         <name>.debug_info</name>
         <load_address>0x6737</load_address>
         <run_address>0x6737</run_address>
         <size>0x39</size>
         <input_file_ref idref="fl-c8"/>
      </object_component>
      <object_component id="oc-2ca">
         <name>.debug_info</name>
         <load_address>0x6770</load_address>
         <run_address>0x6770</run_address>
         <size>0x2bf</size>
         <input_file_ref idref="fl-c9"/>
      </object_component>
      <object_component id="oc-1dd">
         <name>.debug_info</name>
         <load_address>0x6a2f</load_address>
         <run_address>0x6a2f</run_address>
         <size>0x242</size>
         <input_file_ref idref="fl-c9"/>
      </object_component>
      <object_component id="oc-2c8">
         <name>.debug_info</name>
         <load_address>0x6c71</load_address>
         <run_address>0x6c71</run_address>
         <size>0x390</size>
         <input_file_ref idref="fl-ca"/>
      </object_component>
      <object_component id="oc-1d6">
         <name>.debug_info</name>
         <load_address>0x7001</load_address>
         <run_address>0x7001</run_address>
         <size>0x790</size>
         <input_file_ref idref="fl-ca"/>
      </object_component>
      <object_component id="oc-398">
         <name>.debug_info</name>
         <load_address>0x7791</load_address>
         <run_address>0x7791</run_address>
         <size>0x2f2</size>
         <input_file_ref idref="fl-cb"/>
      </object_component>
      <object_component id="oc-2a6">
         <name>.debug_info</name>
         <load_address>0x7a83</load_address>
         <run_address>0x7a83</run_address>
         <size>0x21a</size>
         <input_file_ref idref="fl-cb"/>
      </object_component>
      <object_component id="oc-440">
         <name>.debug_info</name>
         <load_address>0x7c9d</load_address>
         <run_address>0x7c9d</run_address>
         <size>0x39</size>
         <input_file_ref idref="fl-cb"/>
      </object_component>
      <object_component id="oc-399">
         <name>.debug_info</name>
         <load_address>0x7cd6</load_address>
         <run_address>0x7cd6</run_address>
         <size>0x2c</size>
         <input_file_ref idref="fl-cb"/>
      </object_component>
      <object_component id="oc-392">
         <name>.debug_info</name>
         <load_address>0x7d02</load_address>
         <run_address>0x7d02</run_address>
         <size>0x156</size>
         <input_file_ref idref="fl-cc"/>
      </object_component>
      <object_component id="oc-254">
         <name>.debug_info</name>
         <load_address>0x7e58</load_address>
         <run_address>0x7e58</run_address>
         <size>0x4c4</size>
         <input_file_ref idref="fl-cd"/>
      </object_component>
      <object_component id="oc-251">
         <name>.debug_info</name>
         <load_address>0x831c</load_address>
         <run_address>0x831c</run_address>
         <size>0x107</size>
         <input_file_ref idref="fl-cd"/>
      </object_component>
      <object_component id="oc-245">
         <name>.debug_info</name>
         <load_address>0x8423</load_address>
         <run_address>0x8423</run_address>
         <size>0x1fd</size>
         <input_file_ref idref="fl-cd"/>
      </object_component>
      <object_component id="oc-15e">
         <name>.debug_info</name>
         <load_address>0x8620</load_address>
         <run_address>0x8620</run_address>
         <size>0x2ca</size>
         <input_file_ref idref="fl-cd"/>
      </object_component>
      <object_component id="oc-37e">
         <name>.debug_info</name>
         <load_address>0x88ea</load_address>
         <run_address>0x88ea</run_address>
         <size>0x2c</size>
         <input_file_ref idref="fl-cd"/>
      </object_component>
      <object_component id="oc-256">
         <name>.debug_info</name>
         <load_address>0x8916</load_address>
         <run_address>0x8916</run_address>
         <size>0x2c</size>
         <input_file_ref idref="fl-cd"/>
      </object_component>
      <object_component id="oc-379">
         <name>.debug_info</name>
         <load_address>0x8942</load_address>
         <run_address>0x8942</run_address>
         <size>0x2c</size>
         <input_file_ref idref="fl-cd"/>
      </object_component>
      <object_component id="oc-25b">
         <name>.debug_info</name>
         <load_address>0x896e</load_address>
         <run_address>0x896e</run_address>
         <size>0x17a</size>
         <input_file_ref idref="fl-cd"/>
      </object_component>
      <object_component id="oc-352">
         <name>.debug_info</name>
         <load_address>0x8ae8</load_address>
         <run_address>0x8ae8</run_address>
         <size>0xca</size>
         <input_file_ref idref="fl-cd"/>
      </object_component>
      <object_component id="oc-1a9">
         <name>.debug_info</name>
         <load_address>0x8bb2</load_address>
         <run_address>0x8bb2</run_address>
         <size>0x144</size>
         <input_file_ref idref="fl-ce"/>
      </object_component>
      <object_component id="oc-1cc">
         <name>.debug_info</name>
         <load_address>0x8cf6</load_address>
         <run_address>0x8cf6</run_address>
         <size>0x120</size>
         <input_file_ref idref="fl-cf"/>
      </object_component>
      <object_component id="oc-1d1">
         <name>.debug_info</name>
         <load_address>0x8e16</load_address>
         <run_address>0x8e16</run_address>
         <size>0x122</size>
         <input_file_ref idref="fl-cf"/>
      </object_component>
      <object_component id="oc-184">
         <name>.debug_info</name>
         <load_address>0x8f38</load_address>
         <run_address>0x8f38</run_address>
         <size>0x132</size>
         <input_file_ref idref="fl-d0"/>
      </object_component>
      <object_component id="oc-1a3">
         <name>.debug_info</name>
         <load_address>0x906a</load_address>
         <run_address>0x906a</run_address>
         <size>0x132</size>
         <input_file_ref idref="fl-d1"/>
      </object_component>
      <object_component id="oc-1af">
         <name>.debug_info</name>
         <load_address>0x919c</load_address>
         <run_address>0x919c</run_address>
         <size>0x126</size>
         <input_file_ref idref="fl-d2"/>
      </object_component>
      <object_component id="oc-187">
         <name>.debug_info</name>
         <load_address>0x92c2</load_address>
         <run_address>0x92c2</run_address>
         <size>0x136</size>
         <input_file_ref idref="fl-d3"/>
      </object_component>
      <object_component id="oc-1a0">
         <name>.debug_info</name>
         <load_address>0x93f8</load_address>
         <run_address>0x93f8</run_address>
         <size>0x124</size>
         <input_file_ref idref="fl-d4"/>
      </object_component>
      <object_component id="oc-1b3">
         <name>.debug_info</name>
         <load_address>0x951c</load_address>
         <run_address>0x951c</run_address>
         <size>0x124</size>
         <input_file_ref idref="fl-d5"/>
      </object_component>
      <object_component id="oc-3e">
         <name>.debug_info</name>
         <load_address>0x9640</load_address>
         <run_address>0x9640</run_address>
         <size>0x111</size>
         <input_file_ref idref="fl-d6"/>
      </object_component>
      <object_component id="oc-17f">
         <name>.debug_info</name>
         <load_address>0x9751</load_address>
         <run_address>0x9751</run_address>
         <size>0x126</size>
         <input_file_ref idref="fl-d7"/>
      </object_component>
      <object_component id="oc-92">
         <name>.debug_info</name>
         <load_address>0x9877</load_address>
         <run_address>0x9877</run_address>
         <size>0x313</size>
         <input_file_ref idref="fl-d8"/>
      </object_component>
      <object_component id="oc-4e">
         <name>.debug_info</name>
         <load_address>0x9b8a</load_address>
         <run_address>0x9b8a</run_address>
         <size>0x1aa</size>
         <input_file_ref idref="fl-d8"/>
      </object_component>
      <object_component id="oc-8d">
         <name>.debug_info</name>
         <load_address>0x9d34</load_address>
         <run_address>0x9d34</run_address>
         <size>0x46</size>
         <input_file_ref idref="fl-d8"/>
      </object_component>
      <object_component id="oc-ca">
         <name>.debug_info</name>
         <load_address>0x9d7a</load_address>
         <run_address>0x9d7a</run_address>
         <size>0x2c</size>
         <input_file_ref idref="fl-d8"/>
      </object_component>
      <object_component id="oc-46">
         <name>.debug_info</name>
         <load_address>0x9da6</load_address>
         <run_address>0x9da6</run_address>
         <size>0x29d</size>
         <input_file_ref idref="fl-d9"/>
      </object_component>
      <object_component id="oc-19">
         <name>.debug_info</name>
         <load_address>0xa043</load_address>
         <run_address>0xa043</run_address>
         <size>0x1df</size>
         <input_file_ref idref="fl-d9"/>
      </object_component>
      <object_component id="oc-41">
         <name>.debug_info</name>
         <load_address>0xa222</load_address>
         <run_address>0xa222</run_address>
         <size>0x46</size>
         <input_file_ref idref="fl-d9"/>
      </object_component>
      <object_component id="oc-85">
         <name>.debug_info</name>
         <load_address>0xa268</load_address>
         <run_address>0xa268</run_address>
         <size>0x2c</size>
         <input_file_ref idref="fl-d9"/>
      </object_component>
      <object_component id="oc-83">
         <name>.debug_info</name>
         <load_address>0xa294</load_address>
         <run_address>0xa294</run_address>
         <size>0x293</size>
         <input_file_ref idref="fl-da"/>
      </object_component>
      <object_component id="oc-13">
         <name>.debug_info</name>
         <load_address>0xa527</load_address>
         <run_address>0xa527</run_address>
         <size>0x245</size>
         <input_file_ref idref="fl-da"/>
      </object_component>
      <object_component id="oc-31">
         <name>.debug_info</name>
         <load_address>0xa76c</load_address>
         <run_address>0xa76c</run_address>
         <size>0x60</size>
         <input_file_ref idref="fl-da"/>
      </object_component>
      <object_component id="oc-c3">
         <name>.debug_info</name>
         <load_address>0xa7cc</load_address>
         <run_address>0xa7cc</run_address>
         <size>0x46</size>
         <input_file_ref idref="fl-da"/>
      </object_component>
      <object_component id="oc-7e">
         <name>.debug_info</name>
         <load_address>0xa812</load_address>
         <run_address>0xa812</run_address>
         <size>0x39</size>
         <input_file_ref idref="fl-da"/>
      </object_component>
      <object_component id="oc-22">
         <name>.debug_info</name>
         <load_address>0xa84b</load_address>
         <run_address>0xa84b</run_address>
         <size>0x100</size>
         <input_file_ref idref="fl-db"/>
      </object_component>
      <object_component id="oc-5b">
         <name>.debug_info</name>
         <load_address>0xa94b</load_address>
         <run_address>0xa94b</run_address>
         <size>0x1a4</size>
         <input_file_ref idref="fl-db"/>
[...]
      </symbol>
      <symbol id="sm-24c">
         <name>echo_to_putty</name>
         <value>0x31a3</value>
         <object_component_ref idref="oc-eb"/>
      </symbol>
      <symbol id="sm-24d">
         <name>uart_sendStr</name>
         <value>0x31f7</value>
         <object_component_ref idref="oc-eb"/>
      </symbol>
      <symbol id="sm-2e2">
         <name>pow</name>
         <value>0xccd</value>
         <object_component_ref idref="oc-1c5"/>
      </symbol>
      <symbol id="sm-2e3">
         <name>powl</name>
         <value>0xccd</value>
         <object_component_ref idref="oc-1c5"/>
      </symbol>
      <symbol id="sm-305">
         <name>sqrtl</name>
         <value>0x3df5</value>
         <object_component_ref idref="oc-1db"/>
      </symbol>
      <symbol id="sm-306">
         <name>sqrt</name>
         <value>0x3df5</value>
         <object_component_ref idref="oc-1db"/>
      </symbol>
      <symbol id="sm-357">
         <name>cosl</name>
         <value>0x1dc5</value>
         <object_component_ref idref="oc-1d5"/>
      </symbol>
      <symbol id="sm-358">
         <name>cos</name>
         <value>0x1dc5</value>
         <object_component_ref idref="oc-1d5"/>
      </symbol>
      <symbol id="sm-37f">
         <name>scalbn</name>
         <value>0x4a0d</value>
         <object_component_ref idref="oc-2a5"/>
      </symbol>
      <symbol id="sm-380">
         <name>scalbnl</name>
         <value>0x4a0d</value>
         <object_component_ref idref="oc-2a5"/>
      </symbol>
      <symbol id="sm-381">
         <name>ldexpl</name>
         <value>0x4a0d</value>
         <object_component_ref idref="oc-2a5"/>
      </symbol>
      <symbol id="sm-382">
         <name>ldexp</name>
         <value>0x4a0d</value>
         <object_component_ref idref="oc-2a5"/>
      </symbol>
      <symbol id="sm-38c">
         <name>copysign</name>
         <value>0x6129</value>
         <object_component_ref idref="oc-391"/>
      </symbol>
      <symbol id="sm-38d">
         <name>copysignl</name>
         <value>0x6129</value>
         <object_component_ref idref="oc-391"/>
      </symbol>
      <symbol id="sm-3e1">
         <name>__vla_alloc</name>
         <value>0x445d</value>
         <object_component_ref idref="oc-15d"/>
      </symbol>
      <symbol id="sm-3f8">
         <name>__aeabi_dsub</name>
         <value>0x395d</value>
         <object_component_ref idref="oc-1a7"/>
      </symbol>
      <symbol id="sm-3f9">
         <name>__aeabi_dadd</name>
         <value>0x3967</value>
         <object_component_ref idref="oc-1a7"/>
      </symbol>
      <symbol id="sm-41b">
         <name>__aeabi_cdcmpeq</name>
         <value>0x5135</value>
         <object_component_ref idref="oc-1cb"/>
      </symbol>
      <symbol id="sm-41c">
         <name>__aeabi_cdcmple</name>
         <value>0x5135</value>
         <object_component_ref idref="oc-1cb"/>
      </symbol>
      <symbol id="sm-41d">
         <name>__aeabi_cdrcmple</name>
         <value>0x51bb</value>
         <object_component_ref idref="oc-1d0"/>
      </symbol>
      <symbol id="sm-431">
         <name>__aeabi_ddiv</name>
         <value>0x4325</value>
         <object_component_ref idref="oc-181"/>
      </symbol>
      <symbol id="sm-43c">
         <name>__aeabi_dmul</name>
         <value>0x4b1d</value>
         <object_component_ref idref="oc-1a2"/>
      </symbol>
      <symbol id="sm-446">
         <name>__aeabi_d2iz</name>
         <value>0x5b11</value>
         <object_component_ref idref="oc-1ac"/>
      </symbol>
      <symbol id="sm-452">
         <name>__aeabi_d2f</name>
         <value>0x548f</value>
         <object_component_ref idref="oc-186"/>
      </symbol>
      <symbol id="sm-45d">
         <name>__aeabi_f2d</name>
         <value>0x5e0d</value>
         <object_component_ref idref="oc-19d"/>
      </symbol>
      <symbol id="sm-467">
         <name>__aeabi_i2d</name>
         <value>0x5f79</value>
         <object_component_ref idref="oc-1b1"/>
      </symbol>
      <symbol id="sm-482">
         <name>memcpy</name>
         <value>0x4f77</value>
         <object_component_ref idref="oc-3b"/>
      </symbol>
      <symbol id="sm-483">
         <name>__aeabi_memcpy</name>
         <value>0x4f77</value>
         <object_component_ref idref="oc-3b"/>
      </symbol>
      <symbol id="sm-484">
         <name>__aeabi_memcpy8</name>
         <value>0x4f77</value>
         <object_component_ref idref="oc-3b"/>
      </symbol>
      <symbol id="sm-485">
         <name>__aeabi_memcpy4</name>
         <value>0x4f77</value>
         <object_component_ref idref="oc-3b"/>
      </symbol>
      <symbol id="sm-48f">
         <name>__aeabi_ui2d</name>
         <value>0x608f</value>
         <object_component_ref idref="oc-17c"/>
      </symbol>
      <symbol id="sm-4a6">
         <name>__TI_zero_init</name>
         <value>0x61b1</value>
         <object_component_ref idref="oc-4d"/>
      </symbol>
      <symbol id="sm-4bd">
         <name>__TI_decompress_none</name>
         <value>0x6197</value>
         <object_component_ref idref="oc-18"/>
      </symbol>
      <symbol id="sm-4e0">
         <name>__TI_decompress_lzss</name>
         <value>0x55cd</value>
         <object_component_ref idref="oc-12"/>
      </symbol>
      <symbol id="sm-4f3">
         <name>__stack</name>
         <value>0x20000270</value>
         <object_component_ref idref="oc-21"/>
      </symbol>
      <symbol id="sm-4f4">
         <name>_c_int00_noargs</name>
         <value>0x5d9d</value>
         <object_component_ref idref="oc-59"/>
      </symbol>
      <symbol id="sm-50a">
         <name>__aeabi_errno_addr</name>
         <value>0x61d5</value>
         <object_component_ref idref="oc-29c"/>
      </symbol>
      <symbol id="sm-50b">
         <name>errno</name>
         <value>0x200026b8</value>
         <object_component_ref idref="oc-38a"/>
      </symbol>
      <symbol id="sm-531">
         <name>C$$EXIT</name>
         <value>0x61ed</value>
         <object_component_ref idref="oc-f8"/>
      </symbol>
      <symbol id="sm-532">
         <name>abort</name>
         <value>0x61ed</value>
         <object_component_ref idref="oc-f8"/>
      </symbol>
      <symbol id="sm-533">
         <name>__TI_dtors_ptr</name>
         <value>0x2000269c</value>
         <object_component_ref idref="oc-1ef"/>
      </symbol>
      <symbol id="sm-534">
         <name>__TI_cleanup_ptr</name>
         <value>0x20002698</value>
         <object_component_ref idref="oc-1ef"/>
      </symbol>
      <symbol id="sm-535">
         <name>__TI_enable_exit_profile_output</name>
         <value>0x200026a0</value>
         <object_component_ref idref="oc-1ef"/>
      </symbol>
      <symbol id="sm-536">
         <name>exit</name>
         <value>0x5ac9</value>
         <object_component_ref idref="oc-fe"/>
      </symbol>
      <symbol id="sm-5cc">
         <name>_sys_memory</name>
         <value>0x20001270</value>
         <object_component_ref idref="oc-24"/>
      </symbol>
      <symbol id="sm-5cd">
         <name>free</name>
         <value>0x4ded</value>
         <object_component_ref idref="oc-36d"/>
      </symbol>
      <symbol id="sm-5ce">
         <name>realloc</name>
         <value>0x48f9</value>
         <object_component_ref idref="oc-24a"/>
      </symbol>
      <symbol id="sm-5cf">
         <name>malloc</name>
         <value>0x5335</value>
         <object_component_ref idref="oc-23e"/>
      </symbol>
      <symbol id="sm-5d0">
         <name>minit</name>
         <value>0x5dd5</value>
         <object_component_ref idref="oc-357"/>
      </symbol>
      <symbol id="sm-5e5">
         <name>_nop</name>
         <value>0xccb</value>
         <object_component_ref idref="oc-2ec"/>
      </symbol>
      <symbol id="sm-5e6">
         <name>_lock</name>
         <value>0x200026b0</value>
         <object_component_ref idref="oc-1f2"/>
      </symbol>
      <symbol id="sm-5e7">
         <name>_unlock</name>
         <value>0x200026b4</value>
         <object_component_ref idref="oc-1f2"/>
      </symbol>
      <symbol id="sm-614">
         <name>printf</name>
         <value>0x5635</value>
         <object_component_ref idref="oc-1e1"/>
      </symbol>
      <symbol id="sm-63b">
         <name>sprintf</name>
         <value>0x5c69</value>
         <object_component_ref idref="oc-1e7"/>
      </symbol>
      <symbol id="sm-64a">
         <name>strcmp</name>
         <value>0x60fb</value>
         <object_component_ref idref="oc-14b"/>
      </symbol>
      <symbol id="sm-658">
         <name>strcpy</name>
         <value>0x613d</value>
         <object_component_ref idref="oc-151"/>
      </symbol>
      <symbol id="sm-666">
         <name>strlen</name>
         <value>0x6151</value>
         <object_component_ref idref="oc-157"/>
      </symbol>
      <symbol id="sm-690">
         <name>vsnprintf</name>
         <value>0x5ca9</value>
         <object_component_ref idref="oc-145"/>
      </symbol>
      <symbol id="sm-6f7">
         <name>__kernel_rem_pio2</name>
         <value>0x168d</value>
         <object_component_ref idref="oc-2bb"/>
      </symbol>
      <symbol id="sm-70d">
         <name>__kernel_cos</name>
         <value>0x3c89</value>
         <object_component_ref idref="oc-2b5"/>
      </symbol>
      <symbol id="sm-724">
         <name>__kernel_sin</name>
         <value>0x3b15</value>
         <object_component_ref idref="oc-2c1"/>
      </symbol>
      <symbol id="sm-741">
         <name>floorl</name>
         <value>0x4c19</value>
         <object_component_ref idref="oc-3a7"/>
      </symbol>
      <symbol id="sm-742">
         <name>floor</name>
         <value>0x4c19</value>
         <object_component_ref idref="oc-3a7"/>
      </symbol>
      <symbol id="sm-74c">
         <name>__abort_execution</name>
         <value>0x61dd</value>
         <object_component_ref idref="oc-238"/>
      </symbol>
      <symbol id="sm-75b">
         <name>__aeabi_memset</name>
         <value>0x5243</value>
         <object_component_ref idref="oc-93"/>
      </symbol>
      <symbol id="sm-75c">
         <name>memset</name>
         <value>0x5249</value>
         <object_component_ref idref="oc-93"/>
      </symbol>
      <symbol id="sm-75d">
         <name>__aeabi_memset8</name>
         <value>0x5243</value>
         <object_component_ref idref="oc-93"/>
      </symbol>
      <symbol id="sm-75e">
         <name>__aeabi_memset4</name>
         <value>0x5243</value>
         <object_component_ref idref="oc-93"/>
      </symbol>
      <symbol id="sm-75f">
         <name>__aeabi_memclr8</name>
         <value>0x5241</value>
         <object_component_ref idref="oc-93"/>
      </symbol>
      <symbol id="sm-760">
         <name>__aeabi_memclr4</name>
         <value>0x5241</value>
         <object_component_ref idref="oc-93"/>
      </symbol>
      <symbol id="sm-761">
         <name>__aeabi_memclr</name>
         <value>0x5241</value>
         <object_component_ref idref="oc-93"/>
      </symbol>
      <symbol id="sm-789">
         <name>__TI_auto_init_nobinit_nopinit</name>
         <value>0x5be1</value>
         <object_component_ref idref="oc-104"/>
      </symbol>
      <symbol id="sm-793">
         <name>_system_pre_init</name>
         <value>0x61e9</value>
         <object_component_ref idref="oc-99"/>
      </symbol>
      <symbol id="sm-8f9">
         <name>__TI_printfi</name>
         <value>0x26d</value>
         <object_component_ref idref="oc-214"/>
      </symbol>
      <symbol id="sm-90f">
         <name>atoi</name>
         <value>0x5a7d</value>
         <object_component_ref idref="oc-30b"/>
      </symbol>
      <symbol id="sm-91a">
         <name>_ctypes_</name>
         <value>0x6348</value>
         <object_component_ref idref="oc-3e5"/>
      </symbol>
      <symbol id="sm-92f">
         <name>__TI_tmpnams</name>
         <value>0x20002390</value>
      </symbol>
      <symbol id="sm-930">
         <name>__aeabi_stdout</name>
         <value>0x20002690</value>
         <object_component_ref idref="oc-4ec"/>
      </symbol>
      <symbol id="sm-931">
         <name>__aeabi_stderr</name>
         <value>0x20002694</value>
         <object_component_ref idref="oc-4ec"/>
      </symbol>
      <symbol id="sm-932">
         <name>__aeabi_stdin</name>
         <value>0x2000268c</value>
         <object_component_ref idref="oc-4ec"/>
      </symbol>
      <symbol id="sm-933">
         <name>_ftable</name>
         <value>0x200024d0</value>
         <object_component_ref idref="oc-2cb"/>
      </symbol>
      <symbol id="sm-934">
         <name>__TI_ft_end</name>
         <value>0x20002688</value>
         <object_component_ref idref="oc-4ec"/>
      </symbol>
      <symbol id="sm-949">
         <name>putc</name>
         <value>0x50a9</value>
         <object_component_ref idref="oc-3c4"/>
      </symbol>
      <symbol id="sm-94a">
         <name>fputc</name>
         <value>0x50a9</value>
         <object_component_ref idref="oc-3c4"/>
      </symbol>
      <symbol id="sm-968">
         <name>fputs</name>
         <value>0x47e5</value>
         <object_component_ref idref="oc-3bd"/>
      </symbol>
      <symbol id="sm-977">
         <name>ltoa</name>
         <value>0x598b</value>
         <object_component_ref idref="oc-3f0"/>
      </symbol>
      <symbol id="sm-987">
         <name>memccpy</name>
         <value>0x60af</value>
         <object_component_ref idref="oc-32f"/>
      </symbol>
      <symbol id="sm-997">
         <name>memchr</name>
         <value>0x606f</value>
         <object_component_ref idref="oc-457"/>
      </symbol>
      <symbol id="sm-9a7">
         <name>strchr</name>
         <value>0x6113</value>
         <object_component_ref idref="oc-417"/>
      </symbol>
      <symbol id="sm-9cd">
         <name>_stream</name>
         <value>0x20002638</value>
         <object_component_ref idref="oc-4a4"/>
      </symbol>
      <symbol id="sm-9ce">
         <name>_device</name>
         <value>0x200025c0</value>
         <object_component_ref idref="oc-4d1"/>
      </symbol>
      <symbol id="sm-9cf">
         <name>write</name>
         <value>0x6025</value>
         <object_component_ref idref="oc-463"/>
      </symbol>
      <symbol id="sm-9e5">
         <name>frexpl</name>
         <value>0x569d</value>
         <object_component_ref idref="oc-411"/>
      </symbol>
      <symbol id="sm-9e6">
         <name>frexp</name>
         <value>0x569d</value>
         <object_component_ref idref="oc-411"/>
      </symbol>
      <symbol id="sm-9ff">
         <name>wcslen</name>
         <value>0x6165</value>
         <object_component_ref idref="oc-335"/>
      </symbol>
      <symbol id="sm-a0c">
         <name>__aeabi_uldivmod</name>
         <value>0x5013</value>
         <object_component_ref idref="oc-3ea"/>
      </symbol>
      <symbol id="sm-a24">
         <name>__TI_wrt_ok</name>
         <value>0x5765</value>
         <object_component_ref idref="oc-451"/>
      </symbol>
      <symbol id="sm-a34">
         <name>__TI_doflush</name>
         <value>0x5a31</value>
         <object_component_ref idref="oc-45d"/>
      </symbol>
      <symbol id="sm-a46">
         <name>fseek</name>
         <value>0x5701</value>
         <object_component_ref idref="oc-492"/>
      </symbol>
      <symbol id="sm-a56">
         <name>lseek</name>
         <value>0x5fd5</value>
         <object_component_ref idref="oc-4b6"/>
      </symbol>
      <symbol id="sm-a72">
         <name>setvbuf</name>
         <value>0x4d11</value>
         <object_component_ref idref="oc-498"/>
      </symbol>
      <symbol id="sm-a83">
         <name>HOSTclose</name>
         <value>0x5b59</value>
         <object_component_ref idref="oc-4f8"/>
      </symbol>
      <symbol id="sm-a94">
         <name>HOSTlseek</name>
         <value>0x54fd</value>
         <object_component_ref idref="oc-50a"/>
      </symbol>
      <symbol id="sm-aa6">
         <name>parmbuf</name>
         <value>0x200024a0</value>
      </symbol>
      <symbol id="sm-aa7">
         <name>HOSTopen</name>
         <value>0x57c9</value>
         <object_component_ref idref="oc-4f2"/>
      </symbol>
      <symbol id="sm-ab8">
         <name>HOSTread</name>
         <value>0x5885</value>
         <object_component_ref idref="oc-4fe"/>
      </symbol>
      <symbol id="sm-ac9">
         <name>HOSTrename</name>
         <value>0x5565</value>
         <object_component_ref idref="oc-516"/>
      </symbol>
      <symbol id="sm-ada">
         <name>HOSTunlink</name>
         <value>0x5b9d</value>
         <object_component_ref idref="oc-510"/>
      </symbol>
      <symbol id="sm-aeb">
         <name>HOSTwrite</name>
         <value>0x58dd</value>
         <object_component_ref idref="oc-504"/>
      </symbol>
      <symbol id="sm-b0f">
         <name>__TI_readmsg</name>
         <value>0x5ee5</value>
         <object_component_ref idref="oc-537"/>
      </symbol>
      <symbol id="sm-b10">
         <name>C$$IO$$</name>
         <value>0x5d93</value>
         <object_component_ref idref="oc-531"/>
      </symbol>
      <symbol id="sm-b11">
         <name>__CIOBUF_</name>
         <value>0x20002270</value>
         <object_component_ref idref="oc-559"/>
      </symbol>
      <symbol id="sm-b12">
         <name>__TI_writemsg</name>
         <value>0x5d65</value>
         <object_component_ref idref="oc-531"/>
      </symbol>
      <symbol id="sm-b1c">
         <name>__aeabi_idiv0</name>
         <value>0x3b13</value>
         <object_component_ref idref="oc-472"/>
      </symbol>
      <symbol id="sm-b1d">
         <name>__aeabi_ldiv0</name>
         <value>0x3b13</value>
         <object_component_ref idref="oc-472"/>
      </symbol>
      <symbol id="sm-b2d">
         <name>__TI_cleanup</name>
         <value>0x5eb1</value>
         <object_component_ref idref="oc-4be"/>
      </symbol>
      <symbol id="sm-b43">
         <name>__TI_closefile</name>
         <value>0x53ad</value>
         <object_component_ref idref="oc-4e6"/>
      </symbol>
      <symbol id="sm-b66">
         <name>finddevice</name>
         <value>0x5f49</value>
         <object_component_ref idref="oc-575"/>
      </symbol>
      <symbol id="sm-b67">
         <name>getdevice</name>
         <value>0x5c25</value>
         <object_component_ref idref="oc-54f"/>
      </symbol>
      <symbol id="sm-b78">
         <name>strncpy</name>
         <value>0x5e45</value>
         <object_component_ref idref="oc-56f"/>
      </symbol>
      <symbol id="sm-b88">
         <name>unlink</name>
         <value>0x5fa9</value>
         <object_component_ref idref="oc-526"/>
      </symbol>
      <symbol id="sm-b9c">
         <name>close</name>
         <value>0x5829</value>
         <object_component_ref idref="oc-520"/>
      </symbol>
      <symbol id="sm-bc1">
         <name>IntRegister</name>
         <value>0x5e7d</value>
         <object_component_ref idref="oc-170"/>
      </symbol>
      <symbol id="sm-bc2">
         <name>g_pfnRAMVectors</name>
         <value>0x20000000</value>
         <object_component_ref idref="oc-269"/>
      </symbol>
      <symbol id="sm-bc3">
         <name>IntMasterEnable</name>
         <value>0x6177</value>
         <object_component_ref idref="oc-176"/>
      </symbol>
      <symbol id="sm-bcd">
         <name>CPUcpsie</name>
         <value>0x61a5</value>
         <object_component_ref idref="oc-273"/>
      </symbol>
      <symbol id="sm-bce">
         <name>__TI_static_base__</name>
         <value>0x0</value>
      </symbol>
      <symbol id="sm-bd1">
         <name>__mpu_init</name>
         <value>0x0</value>
      </symbol>
      <symbol id="sm-bd2">
         <name>_system_post_cinit</name>
         <value>0x0</value>
      </symbol>
      <symbol id="sm-bd3">
         <name>remove</name>
         <value>0x5fa9</value>
      </symbol>
   </symbol_table>
   <title>Link successful</title>
</link_info>
